Oct  2 23:40:30 yeshua-os syslogd 1.5.1: restart.
Oct  2 23:40:30 yeshua-os kernel: klogd 1.5.1, log source = /proc/kmsg started.
Oct  2 23:40:30 yeshua-os kernel: Cannot find map file.
Oct  2 23:40:30 yeshua-os kernel: Loaded 56235 symbols from 1 module.
Oct  2 23:40:30 yeshua-os kernel: [    0.000000] Linux version 5.15.0-rc3 (root@jesus-christ-ubuntu-installer) (gcc (GCC) 11.2.0, GNU ld (GNU Binutils) 2.37) #1 SMP Sat Oct 2 22:43:32 CEST 2021
Oct  2 23:40:30 yeshua-os kernel: [    0.000000] Command line: BOOT_IMAGE=/boot/yeshuaos-001 root=/dev/sda2 ro
Oct  2 23:40:30 yeshua-os kernel: [    0.000000] x86/fpu: Supporting XSAVE feature 0x001: 'x87 floating point registers'
Oct  2 23:40:30 yeshua-os kernel: [    0.000000] x86/fpu: Supporting XSAVE feature 0x002: 'SSE registers'
Oct  2 23:40:30 yeshua-os kernel: [    0.000000] x86/fpu: Supporting XSAVE feature 0x004: 'AVX registers'
Oct  2 23:40:30 yeshua-os kernel: [    0.000000] x86/fpu: xstate_offset[2]:  576, xstate_sizes[2]:  256
Oct  2 23:40:30 yeshua-os kernel: [    0.000000] x86/fpu: Enabled xstate features 0x7, context size is 832 bytes, using 'standard' format.
Oct  2 23:40:30 yeshua-os kernel: [    0.000000] signal: max sigframe size: 1776
Oct  2 23:40:30 yeshua-os kernel: [    0.000000] BIOS-provided physical RAM map:
Oct  2 23:40:30 yeshua-os kernel: [    0.000000] BIOS-e820: [mem 0x0000000000000000-0x000000000009fbff] usable
Oct  2 23:40:30 yeshua-os kernel: [    0.000000] BIOS-e820: [mem 0x000000000009fc00-0x000000000009ffff] reserved
Oct  2 23:40:30 yeshua-os kernel: [    0.000000] BIOS-e820: [mem 0x00000000000f0000-0x00000000000fffff] reserved
Oct  2 23:40:30 yeshua-os kernel: [    0.000000] BIOS-e820: [mem 0x0000000000100000-0x00000000bffddfff] usable
Oct  2 23:40:30 yeshua-os kernel: [    0.000000] BIOS-e820: [mem 0x00000000bffde000-0x00000000bfffffff] reserved
Oct  2 23:40:30 yeshua-os kernel: [    0.000000] BIOS-e820: [mem 0x00000000feffc000-0x00000000feffffff] reserved
Oct  2 23:40:30 yeshua-os kernel: [    0.000000] BIOS-e820: [mem 0x00000000fffc0000-0x00000000ffffffff] reserved
Oct  2 23:40:30 yeshua-os kernel: [    0.000000] BIOS-e820: [mem 0x0000000100000000-0x00000018a9ffffff] usable
Oct  2 23:40:30 yeshua-os kernel: [    0.000000] NX (Execute Disable) protection: active
Oct  2 23:40:30 yeshua-os kernel: [    0.000000] SMBIOS 2.8 present.
Oct  2 23:40:30 yeshua-os kernel: [    0.000000] DMI: QEMU Standard PC (i440FX + PIIX, 1996), BIOS 1.12.0-1 04/01/2014
Oct  2 23:40:30 yeshua-os kernel: [    0.000000] tsc: Fast TSC calibration using PIT
Oct  2 23:40:30 yeshua-os kernel: [    0.000000] tsc: Detected 2195.971 MHz processor
Oct  2 23:40:30 yeshua-os kernel: [    0.000588] e820: update [mem 0x00000000-0x00000fff] usable ==> reserved
Oct  2 23:40:30 yeshua-os kernel: [    0.000590] e820: remove [mem 0x000a0000-0x000fffff] usable
Oct  2 23:40:30 yeshua-os kernel: [    0.000594] last_pfn = 0x18aa000 max_arch_pfn = 0x400000000
Oct  2 23:40:30 yeshua-os kernel: [    0.000639] x86/PAT: Configuration [0-7]: WB  WC  UC- UC  WB  WP  UC- WT  
Oct  2 23:40:30 yeshua-os kernel: [    0.000653] last_pfn = 0xbffde max_arch_pfn = 0x400000000
Oct  2 23:40:30 yeshua-os kernel: [    0.005168] Using GB pages for direct mapping
Oct  2 23:40:30 yeshua-os kernel: [    0.005304] ACPI: Early table checksum verification disabled
Oct  2 23:40:30 yeshua-os kernel: [    0.005307] ACPI: RSDP 0x00000000000F5B30 000014 (v00 BOCHS )
Oct  2 23:40:30 yeshua-os kernel: [    0.005311] ACPI: RSDT 0x00000000BFFE18D0 000030 (v01 BOCHS  BXPCRSDT 00000001 BXPC 00000001)
Oct  2 23:40:30 yeshua-os kernel: [    0.005317] ACPI: FACP 0x00000000BFFE15B4 000074 (v01 BOCHS  BXPCFACP 00000001 BXPC 00000001)
Oct  2 23:40:30 yeshua-os kernel: [    0.005322] ACPI: DSDT 0x00000000BFFDEC80 002934 (v01 BOCHS  BXPCDSDT 00000001 BXPC 00000001)
Oct  2 23:40:30 yeshua-os kernel: [    0.005325] ACPI: FACS 0x00000000BFFDEC40 000040
Oct  2 23:40:30 yeshua-os kernel: [    0.005328] ACPI: APIC 0x00000000BFFE1628 000270 (v01 BOCHS  BXPCAPIC 00000001 BXPC 00000001)
Oct  2 23:40:30 yeshua-os kernel: [    0.005331] ACPI: HPET 0x00000000BFFE1898 000038 (v01 BOCHS  BXPCHPET 00000001 BXPC 00000001)
Oct  2 23:40:30 yeshua-os kernel: [    0.005334] ACPI: Reserving FACP table memory at [mem 0xbffe15b4-0xbffe1627]
Oct  2 23:40:30 yeshua-os kernel: [    0.005336] ACPI: Reserving DSDT table memory at [mem 0xbffdec80-0xbffe15b3]
Oct  2 23:40:30 yeshua-os kernel: [    0.005338] ACPI: Reserving FACS table memory at [mem 0xbffdec40-0xbffdec7f]
Oct  2 23:40:30 yeshua-os kernel: [    0.005339] ACPI: Reserving APIC table memory at [mem 0xbffe1628-0xbffe1897]
Oct  2 23:40:30 yeshua-os kernel: [    0.005341] ACPI: Reserving HPET table memory at [mem 0xbffe1898-0xbffe18cf]
Oct  2 23:40:30 yeshua-os kernel: [    0.005651] No NUMA configuration found
Oct  2 23:40:30 yeshua-os kernel: [    0.005653] Faking a node at [mem 0x0000000000000000-0x00000018a9ffffff]
Oct  2 23:40:30 yeshua-os kernel: [    0.005656] NODE_DATA(0) allocated [mem 0x18a9ffc000-0x18a9ffffff]
Oct  2 23:40:30 yeshua-os kernel: [    0.006047] Zone ranges:
Oct  2 23:40:30 yeshua-os kernel: [    0.006049]   DMA      [mem 0x0000000000001000-0x0000000000ffffff]
Oct  2 23:40:30 yeshua-os kernel: [    0.006051]   DMA32    [mem 0x0000000001000000-0x00000000ffffffff]
Oct  2 23:40:30 yeshua-os kernel: [    0.006053]   Normal   [mem 0x0000000100000000-0x00000018a9ffffff]
Oct  2 23:40:30 yeshua-os kernel: [    0.006055] Movable zone start for each node
Oct  2 23:40:30 yeshua-os kernel: [    0.006056] Early memory node ranges
Oct  2 23:40:30 yeshua-os kernel: [    0.006056]   node   0: [mem 0x0000000000001000-0x000000000009efff]
Oct  2 23:40:30 yeshua-os kernel: [    0.006058]   node   0: [mem 0x0000000000100000-0x00000000bffddfff]
Oct  2 23:40:30 yeshua-os kernel: [    0.006060]   node   0: [mem 0x0000000100000000-0x00000018a9ffffff]
Oct  2 23:40:30 yeshua-os kernel: [    0.006067] Initmem setup node 0 [mem 0x0000000000001000-0x00000018a9ffffff]
Oct  2 23:40:30 yeshua-os kernel: [    0.006412] On node 0, zone DMA: 1 pages in unavailable ranges
Oct  2 23:40:30 yeshua-os kernel: [    0.006430] On node 0, zone DMA: 97 pages in unavailable ranges
Oct  2 23:40:30 yeshua-os kernel: [    0.315739] On node 0, zone Normal: 34 pages in unavailable ranges
Oct  2 23:40:30 yeshua-os kernel: [    0.315938] On node 0, zone Normal: 24576 pages in unavailable ranges
Oct  2 23:40:30 yeshua-os kernel: [    0.316414] ACPI: PM-Timer IO Port: 0x608
Oct  2 23:40:30 yeshua-os kernel: [    0.316426] ACPI: LAPIC_NMI (acpi_id[0xff] dfl dfl lint[0x1])
Oct  2 23:40:30 yeshua-os kernel: [    0.316461] IOAPIC[0]: apic_id 0, version 17, address 0xfec00000, GSI 0-23
Oct  2 23:40:30 yeshua-os kernel: [    0.316465] ACPI: INT_SRC_OVR (bus 0 bus_irq 0 global_irq 2 dfl dfl)
Oct  2 23:40:30 yeshua-os kernel: [    0.316467] ACPI: INT_SRC_OVR (bus 0 bus_irq 5 global_irq 5 high level)
Oct  2 23:40:30 yeshua-os kernel: [    0.316469] ACPI: INT_SRC_OVR (bus 0 bus_irq 9 global_irq 9 high level)
Oct  2 23:40:30 yeshua-os kernel: [    0.316470] ACPI: INT_SRC_OVR (bus 0 bus_irq 10 global_irq 10 high level)
Oct  2 23:40:30 yeshua-os kernel: [    0.316472] ACPI: INT_SRC_OVR (bus 0 bus_irq 11 global_irq 11 high level)
Oct  2 23:40:30 yeshua-os kernel: [    0.316475] ACPI: Using ACPI (MADT) for SMP configuration information
Oct  2 23:40:30 yeshua-os kernel: [    0.316477] ACPI: HPET id: 0x8086a201 base: 0xfed00000
Oct  2 23:40:30 yeshua-os kernel: [    0.316481] TSC deadline timer available
Oct  2 23:40:30 yeshua-os kernel: [    0.316485] smpboot: Allowing 64 CPUs, 0 hotplug CPUs
Oct  2 23:40:30 yeshua-os kernel: [    0.316496] PM: hibernation: Registered nosave memory: [mem 0x00000000-0x00000fff]
Oct  2 23:40:30 yeshua-os kernel: [    0.316498] PM: hibernation: Registered nosave memory: [mem 0x0009f000-0x0009ffff]
Oct  2 23:40:30 yeshua-os kernel: [    0.316500] PM: hibernation: Registered nosave memory: [mem 0x000a0000-0x000effff]
Oct  2 23:40:30 yeshua-os kernel: [    0.316501] PM: hibernation: Registered nosave memory: [mem 0x000f0000-0x000fffff]
Oct  2 23:40:30 yeshua-os kernel: [    0.316503] PM: hibernation: Registered nosave memory: [mem 0xbffde000-0xbfffffff]
Oct  2 23:40:30 yeshua-os kernel: [    0.316504] PM: hibernation: Registered nosave memory: [mem 0xc0000000-0xfeffbfff]
Oct  2 23:40:30 yeshua-os kernel: [    0.316505] PM: hibernation: Registered nosave memory: [mem 0xfeffc000-0xfeffffff]
Oct  2 23:40:30 yeshua-os kernel: [    0.316506] PM: hibernation: Registered nosave memory: [mem 0xff000000-0xfffbffff]
Oct  2 23:40:30 yeshua-os kernel: [    0.316507] PM: hibernation: Registered nosave memory: [mem 0xfffc0000-0xffffffff]
Oct  2 23:40:30 yeshua-os kernel: [    0.316509] [mem 0xc0000000-0xfeffbfff] available for PCI devices
Oct  2 23:40:30 yeshua-os kernel: [    0.316512] clocksource: refined-jiffies: mask: 0xffffffff max_cycles: 0xffffffff, max_idle_ns: 1910969940391419 ns
Oct  2 23:40:30 yeshua-os kernel: [    0.322044] setup_percpu: NR_CPUS:64 nr_cpumask_bits:64 nr_cpu_ids:64 nr_node_ids:1
Oct  2 23:40:30 yeshua-os kernel: [    0.325926] percpu: Embedded 48 pages/cpu s157976 r8192 d30440 u262144
Oct  2 23:40:30 yeshua-os kernel: [    0.325940] pcpu-alloc: s157976 r8192 d30440 u262144 alloc=1*2097152
Oct  2 23:40:30 yeshua-os kernel: [    0.325943] pcpu-alloc: [0] 00 01 02 03 04 05 06 07 [0] 08 09 10 11 12 13 14 15 
Oct  2 23:40:30 yeshua-os kernel: [    0.325952] pcpu-alloc: [0] 16 17 18 19 20 21 22 23 [0] 24 25 26 27 28 29 30 31 
Oct  2 23:40:30 yeshua-os kernel: [    0.325960] pcpu-alloc: [0] 32 33 34 35 36 37 38 39 [0] 40 41 42 43 44 45 46 47 
Oct  2 23:40:30 yeshua-os kernel: [    0.325968] pcpu-alloc: [0] 48 49 50 51 52 53 54 55 [0] 56 57 58 59 60 61 62 63 
Oct  2 23:40:30 yeshua-os kernel: [    0.326011] Built 1 zonelists, mobility grouping on.  Total pages: 25199710
Oct  2 23:40:30 yeshua-os kernel: [    0.326013] Policy zone: Normal
Oct  2 23:40:30 yeshua-os kernel: [    0.326015] Kernel command line: BOOT_IMAGE=/boot/yeshuaos-001 root=/dev/sda2 ro
Oct  2 23:40:30 yeshua-os kernel: [    0.326043] Unknown command line parameters: BOOT_IMAGE=/boot/yeshuaos-001
Oct  2 23:40:30 yeshua-os kernel: [    0.326045] printk: log_buf_len individual max cpu contribution: 4096 bytes
Oct  2 23:40:30 yeshua-os kernel: [    0.326046] printk: log_buf_len total cpu_extra contributions: 258048 bytes
Oct  2 23:40:30 yeshua-os kernel: [    0.326048] printk: log_buf_len min size: 262144 bytes
Oct  2 23:40:30 yeshua-os kernel: [    0.326622] printk: log_buf_len: 524288 bytes
Oct  2 23:40:30 yeshua-os kernel: [    0.326623] printk: early log buf free: 255632(97%)
Oct  2 23:40:30 yeshua-os kernel: [    0.337156] Dentry cache hash table entries: 8388608 (order: 14, 67108864 bytes, linear)
Oct  2 23:40:30 yeshua-os kernel: [    0.342475] Inode-cache hash table entries: 4194304 (order: 13, 33554432 bytes, linear)
Oct  2 23:40:30 yeshua-os kernel: [    0.342658] mem auto-init: stack:off, heap alloc:off, heap free:off
Oct  2 23:40:30 yeshua-os kernel: [    0.604657] Memory: 100586920K/102399472K available (14350K kernel code, 2582K rwdata, 3588K rodata, 1352K init, 1508K bss, 1812292K reserved, 0K cma-reserved)
Oct  2 23:40:30 yeshua-os kernel: [    0.604952] SLUB: HWalign=64, Order=0-3, MinObjects=0, CPUs=64, Nodes=1
Oct  2 23:40:30 yeshua-os kernel: [    0.605546] rcu: Hierarchical RCU implementation.
Oct  2 23:40:30 yeshua-os kernel: [    0.605547] rcu: ^IRCU event tracing is enabled.
Oct  2 23:40:30 yeshua-os kernel: [    0.605549] rcu: RCU calculated value of scheduler-enlistment delay is 100 jiffies.
Oct  2 23:40:30 yeshua-os kernel: [    0.606558] NR_IRQS: 4352, nr_irqs: 936, preallocated irqs: 16
Oct  2 23:40:30 yeshua-os kernel: [    0.607076] random: get_random_bytes called from start_kernel+0x491/0x65e with crng_init=0
Oct  2 23:40:30 yeshua-os kernel: [    0.615680] Console: colour VGA+ 80x25
Oct  2 23:40:30 yeshua-os kernel: [    0.650672] printk: console [tty0] enabled
Oct  2 23:40:30 yeshua-os kernel: [    0.651052] ACPI: Core revision 20210730
Oct  2 23:40:30 yeshua-os kernel: [    0.651501] clocksource: hpet: mask: 0xffffffff max_cycles: 0xffffffff, max_idle_ns: 19112604467 ns
Oct  2 23:40:30 yeshua-os kernel: [    0.652108] APIC: Switch to symmetric I/O mode setup
Oct  2 23:40:30 yeshua-os kernel: [    0.652440] Switched APIC routing to physical flat.
Oct  2 23:40:30 yeshua-os kernel: [    0.653791] ..TIMER: vector=0x30 apic1=0 pin1=2 apic2=-1 pin2=-1
Oct  2 23:40:30 yeshua-os kernel: [    0.659087] tsc: Marking TSC unstable due to TSCs unsynchronized
Oct  2 23:40:30 yeshua-os kernel: [    0.659423] Calibrating delay loop (skipped), value calculated using timer frequency.. 4391.94 BogoMIPS (lpj=2195971)
Oct  2 23:40:30 yeshua-os kernel: [    0.659919] pid_max: default: 65536 minimum: 512
Oct  2 23:40:30 yeshua-os kernel: [    0.660492] LSM: Security Framework initializing
Oct  2 23:40:30 yeshua-os kernel: [    0.660810] SELinux:  Initializing.
Oct  2 23:40:30 yeshua-os kernel: [    0.661472] Mount-cache hash table entries: 131072 (order: 8, 1048576 bytes, linear)
Oct  2 23:40:30 yeshua-os kernel: [    0.661972] Mountpoint-cache hash table entries: 131072 (order: 8, 1048576 bytes, linear)
Oct  2 23:40:30 yeshua-os kernel: [    0.662781] Last level iTLB entries: 4KB 512, 2MB 255, 4MB 127
Oct  2 23:40:30 yeshua-os kernel: [    0.663112] Last level dTLB entries: 4KB 512, 2MB 255, 4MB 127, 1GB 0
Oct  2 23:40:30 yeshua-os kernel: [    0.663424] Spectre V1 : Mitigation: usercopy/swapgs barriers and __user pointer sanitization
Oct  2 23:40:30 yeshua-os kernel: [    0.663872] Spectre V2 : Mitigation: Full AMD retpoline
Oct  2 23:40:30 yeshua-os kernel: [    0.664185] Spectre V2 : Spectre v2 / SpectreRSB mitigation: Filling RSB on context switch
Oct  2 23:40:30 yeshua-os kernel: [    0.664420] Spectre V2 : mitigation: Enabling conditional Indirect Branch Prediction Barrier
Oct  2 23:40:30 yeshua-os kernel: [    0.664876] Speculative Store Bypass: Mitigation: Speculative Store Bypass disabled via prctl and seccomp
Oct  2 23:40:30 yeshua-os kernel: [    0.667639] Freeing SMP alternatives memory: 44K
Oct  2 23:40:30 yeshua-os kernel: [    0.668085] smpboot: CPU0: AMD EPYC 7301 16-Core Processor (family: 0x17, model: 0x1, stepping: 0x2)
Oct  2 23:40:30 yeshua-os kernel: [    0.668418] Performance Events: Fam17h+ core perfctr, AMD PMU driver.
Oct  2 23:40:30 yeshua-os kernel: [    0.668418] ... version:                0
Oct  2 23:40:30 yeshua-os kernel: [    0.668421] ... bit width:              48
Oct  2 23:40:30 yeshua-os kernel: [    0.668710] ... generic registers:      6
Oct  2 23:40:30 yeshua-os kernel: [    0.669004] ... value mask:             0000ffffffffffff
Oct  2 23:40:30 yeshua-os kernel: [    0.669317] ... max period:             00007fffffffffff
Oct  2 23:40:30 yeshua-os kernel: [    0.669421] ... fixed-purpose events:   0
Oct  2 23:40:30 yeshua-os kernel: [    0.669708] ... event mask:             000000000000003f
Oct  2 23:40:30 yeshua-os kernel: [    0.670117] rcu: Hierarchical SRCU implementation.
Oct  2 23:40:30 yeshua-os kernel: [    0.671145] smp: Bringing up secondary CPUs ...
Oct  2 23:40:30 yeshua-os kernel: [    0.671493] x86: Booting SMP configuration:
Oct  2 23:40:30 yeshua-os kernel: [    0.671797] .... node  #0, CPUs:        #1  #2  #3  #4  #5  #6  #7  #8  #9 #10 #11 #12 #13 #14 #15 #16 #17 #18 #19 #20 #21 #22 #23 #24 #25 #26 #27 #28 #29 #30 #31 #32 #33 #34 #35 #36 #37 #38 #39 #40 #41 #42 #43 #44 #45 #46 #47 #48 #49 #50 #51 #52 #53 #54 #55 #56 #57 #58 #59 #60 #61 #62 #63
Oct  2 23:40:30 yeshua-os kernel: [    4.463004] smp: Brought up 1 node, 64 CPUs
Oct  2 23:40:30 yeshua-os kernel: [    4.463723] smpboot: Max logical packages: 64
Oct  2 23:40:30 yeshua-os kernel: [    4.464022] smpboot: Total of 64 processors activated (283103.79 BogoMIPS)
Oct  2 23:40:30 yeshua-os kernel: [    4.484610] devtmpfs: initialized
Oct  2 23:40:30 yeshua-os kernel: [    4.485514] clocksource: jiffies: mask: 0xffffffff max_cycles: 0xffffffff, max_idle_ns: 1911260446275000 ns
Oct  2 23:40:30 yeshua-os kernel: [    4.486005] futex hash table entries: 16384 (order: 8, 1048576 bytes, linear)
Oct  2 23:40:30 yeshua-os kernel: [    4.486688] PM: RTC time: 21:40:27, date: 2021-10-02
Oct  2 23:40:30 yeshua-os kernel: [    4.488172] NET: Registered PF_NETLINK/PF_ROUTE protocol family
Oct  2 23:40:30 yeshua-os kernel: [    4.488480] audit: initializing netlink subsys (disabled)
Oct  2 23:40:30 yeshua-os kernel: [    4.488863] audit: type=2000 audit(1633210826.835:1): state=initialized audit_enabled=0 res=1
Oct  2 23:40:30 yeshua-os kernel: [    4.488863] thermal_sys: Registered thermal governor 'step_wise'
Oct  2 23:40:30 yeshua-os kernel: [    4.489423] thermal_sys: Registered thermal governor 'user_space'
Oct  2 23:40:30 yeshua-os kernel: [    4.489785] cpuidle: using governor menu
Oct  2 23:40:30 yeshua-os kernel: [    4.494464] ACPI: bus type PCI registered
Oct  2 23:40:30 yeshua-os kernel: [    4.494888] PCI: Using configuration type 1 for base access
Oct  2 23:40:30 yeshua-os kernel: [    4.495422] PCI: Using configuration type 1 for extended access
Oct  2 23:40:30 yeshua-os kernel: [    4.498562] Kprobes globally optimized
Oct  2 23:40:30 yeshua-os kernel: [    4.498913] HugeTLB registered 2.00 MiB page size, pre-allocated 0 pages
Oct  2 23:40:30 yeshua-os kernel: [    4.499503] cryptomgr_test (337) used greatest stack depth: 15232 bytes left
Oct  2 23:40:30 yeshua-os kernel: [    4.502535] ACPI: Added _OSI(Module Device)
Oct  2 23:40:30 yeshua-os kernel: [    4.502822] ACPI: Added _OSI(Processor Device)
Oct  2 23:40:30 yeshua-os kernel: [    4.503423] ACPI: Added _OSI(3.0 _SCP Extensions)
Oct  2 23:40:30 yeshua-os kernel: [    4.503731] ACPI: Added _OSI(Processor Aggregator Device)
Oct  2 23:40:30 yeshua-os kernel: [    4.504053] ACPI: Added _OSI(Linux-Dell-Video)
Oct  2 23:40:30 yeshua-os kernel: [    4.504355] ACPI: Added _OSI(Linux-Lenovo-NV-HDMI-Audio)
Oct  2 23:40:30 yeshua-os kernel: [    4.504430] ACPI: Added _OSI(Linux-HPI-Hybrid-Graphics)
Oct  2 23:40:30 yeshua-os kernel: [    4.505810] ACPI: 1 ACPI AML tables successfully acquired and loaded
Oct  2 23:40:30 yeshua-os kernel: [    4.507763] ACPI: Interpreter enabled
Oct  2 23:40:30 yeshua-os kernel: [    4.508076] ACPI: PM: (supports S0 S3 S4 S5)
Oct  2 23:40:30 yeshua-os kernel: [    4.508424] ACPI: Using IOAPIC for interrupt routing
Oct  2 23:40:30 yeshua-os kernel: [    4.508741] PCI: Using host bridge windows from ACPI; if necessary, use "pci=nocrs" and report a bug
Oct  2 23:40:30 yeshua-os kernel: [    4.509339] ACPI: Enabled 2 GPEs in block 00 to 0F
Oct  2 23:40:30 yeshua-os kernel: [    4.514119] ACPI: PCI Root Bridge [PCI0] (domain 0000 [bus 00-ff])
Oct  2 23:40:30 yeshua-os kernel: [    4.514425] acpi PNP0A03:00: _OSC: OS supports [ExtendedConfig ASPM ClockPM Segments MSI HPX-Type3]
Oct  2 23:40:30 yeshua-os kernel: [    4.514923] PCI host bridge to bus 0000:00
Oct  2 23:40:30 yeshua-os kernel: [    4.515221] pci_bus 0000:00: root bus resource [io  0x0000-0x0cf7 window]
Oct  2 23:40:30 yeshua-os kernel: [    4.515422] pci_bus 0000:00: root bus resource [io  0x0d00-0xffff window]
Oct  2 23:40:30 yeshua-os kernel: [    4.515765] pci_bus 0000:00: root bus resource [mem 0x000a0000-0x000bffff window]
Oct  2 23:40:30 yeshua-os kernel: [    4.516195] pci_bus 0000:00: root bus resource [mem 0xc0000000-0xfebfffff window]
Oct  2 23:40:30 yeshua-os kernel: [    4.516422] pci_bus 0000:00: root bus resource [mem 0x18c0000000-0x193fffffff window]
Oct  2 23:40:30 yeshua-os kernel: [    4.516881] pci_bus 0000:00: root bus resource [bus 00-ff]
Oct  2 23:40:30 yeshua-os kernel: [    4.517431] pci 0000:00:00.0: [8086:1237] type 00 class 0x060000
Oct  2 23:40:30 yeshua-os kernel: [    4.518338] pci 0000:00:01.0: [8086:7000] type 00 class 0x060100
Oct  2 23:40:30 yeshua-os kernel: [    4.519177] pci 0000:00:01.1: [8086:7010] type 00 class 0x010180
Oct  2 23:40:30 yeshua-os kernel: [    4.521963] pci 0000:00:01.1: reg 0x20: [io  0xc100-0xc10f]
Oct  2 23:40:30 yeshua-os kernel: [    4.523270] pci 0000:00:01.1: legacy IDE quirk: reg 0x10: [io  0x01f0-0x01f7]
Oct  2 23:40:30 yeshua-os kernel: [    4.523422] pci 0000:00:01.1: legacy IDE quirk: reg 0x14: [io  0x03f6]
Oct  2 23:40:30 yeshua-os kernel: [    4.523777] pci 0000:00:01.1: legacy IDE quirk: reg 0x18: [io  0x0170-0x0177]
Oct  2 23:40:30 yeshua-os kernel: [    4.524127] pci 0000:00:01.1: legacy IDE quirk: reg 0x1c: [io  0x0376]
Oct  2 23:40:30 yeshua-os kernel: [    4.524650] pci 0000:00:01.3: [8086:7113] type 00 class 0x068000
Oct  2 23:40:30 yeshua-os kernel: [    4.525551] pci 0000:00:01.3: quirk: [io  0x0600-0x063f] claimed by PIIX4 ACPI
Oct  2 23:40:30 yeshua-os kernel: [    4.525986] pci 0000:00:01.3: quirk: [io  0x0700-0x070f] claimed by PIIX4 SMB
Oct  2 23:40:30 yeshua-os kernel: [    4.526603] pci 0000:00:02.0: [1234:1111] type 00 class 0x030000
Oct  2 23:40:30 yeshua-os kernel: [    4.528433] pci 0000:00:02.0: reg 0x10: [mem 0xfd000000-0xfdffffff pref]
Oct  2 23:40:30 yeshua-os kernel: [    4.531433] pci 0000:00:02.0: reg 0x18: [mem 0xfebd0000-0xfebd0fff]
Oct  2 23:40:30 yeshua-os kernel: [    4.539418] pci 0000:00:02.0: reg 0x30: [mem 0xfebc0000-0xfebcffff pref]
Oct  2 23:40:30 yeshua-os kernel: [    4.540239] pci 0000:00:03.0: [10ec:8139] type 00 class 0x020000
Oct  2 23:40:30 yeshua-os kernel: [    4.541423] pci 0000:00:03.0: reg 0x10: [io  0xc000-0xc0ff]
Oct  2 23:40:30 yeshua-os kernel: [    4.542422] pci 0000:00:03.0: reg 0x14: [mem 0xfebd1000-0xfebd10ff]
Oct  2 23:40:30 yeshua-os kernel: [    4.547936] pci 0000:00:03.0: reg 0x30: [mem 0xfeb80000-0xfebbffff pref]
Oct  2 23:40:30 yeshua-os kernel: [    4.549171] ACPI: PCI: Interrupt link LNKA configured for IRQ 10
Oct  2 23:40:30 yeshua-os kernel: [    4.549565] ACPI: PCI: Interrupt link LNKB configured for IRQ 10
Oct  2 23:40:30 yeshua-os kernel: [    4.550012] ACPI: PCI: Interrupt link LNKC configured for IRQ 11
Oct  2 23:40:30 yeshua-os kernel: [    4.550482] ACPI: PCI: Interrupt link LNKD configured for IRQ 11
Oct  2 23:40:30 yeshua-os kernel: [    4.550880] ACPI: PCI: Interrupt link LNKS configured for IRQ 9
Oct  2 23:40:30 yeshua-os kernel: [    4.554314] iommu: Default domain type: Translated 
Oct  2 23:40:30 yeshua-os kernel: [    4.554422] iommu: DMA domain TLB invalidation policy: lazy mode 
Oct  2 23:40:30 yeshua-os kernel: [    4.554835] pci 0000:00:02.0: vgaarb: setting as boot VGA device
Oct  2 23:40:30 yeshua-os kernel: [    4.554835] pci 0000:00:02.0: vgaarb: VGA device added: decodes=io+mem,owns=io+mem,locks=none
Oct  2 23:40:30 yeshua-os kernel: [    4.555437] pci 0000:00:02.0: vgaarb: bridge control possible
Oct  2 23:40:30 yeshua-os kernel: [    4.555770] vgaarb: loaded
Oct  2 23:40:30 yeshua-os kernel: [    4.556216] SCSI subsystem initialized
Oct  2 23:40:30 yeshua-os kernel: [    4.556588] libata version 3.00 loaded.
Oct  2 23:40:30 yeshua-os kernel: [    4.556588] ACPI: bus type USB registered
Oct  2 23:40:30 yeshua-os kernel: [    4.556860] usbcore: registered new interface driver usbfs
Oct  2 23:40:30 yeshua-os kernel: [    4.557202] usbcore: registered new interface driver hub
Oct  2 23:40:30 yeshua-os kernel: [    4.557487] usbcore: registered new device driver usb
Oct  2 23:40:30 yeshua-os kernel: [    4.557862] pps_core: LinuxPPS API ver. 1 registered
Oct  2 23:40:30 yeshua-os kernel: [    4.558180] pps_core: Software ver. 5.3.6 - Copyright 2005-2007 Rodolfo Giometti <giometti@linux.it>
Oct  2 23:40:30 yeshua-os kernel: [    4.558428] PTP clock support registered
Oct  2 23:40:30 yeshua-os kernel: [    4.558874] Advanced Linux Sound Architecture Driver Initialized.
Oct  2 23:40:30 yeshua-os kernel: [    4.559662] NetLabel: Initializing
Oct  2 23:40:30 yeshua-os kernel: [    4.559958] NetLabel:  domain hash size = 128
Oct  2 23:40:30 yeshua-os kernel: [    4.560268] NetLabel:  protocols = UNLABELED CIPSOv4 CALIPSO
Oct  2 23:40:30 yeshua-os kernel: [    4.560443] NetLabel:  unlabeled traffic allowed by default
Oct  2 23:40:30 yeshua-os kernel: [    4.560804] PCI: Using ACPI for IRQ routing
Oct  2 23:40:30 yeshua-os kernel: [    4.560804] PCI: pci_cache_line_size set to 64 bytes
Oct  2 23:40:30 yeshua-os kernel: [    4.560874] e820: reserve RAM buffer [mem 0x0009fc00-0x0009ffff]
Oct  2 23:40:30 yeshua-os kernel: [    4.560877] e820: reserve RAM buffer [mem 0xbffde000-0xbfffffff]
Oct  2 23:40:30 yeshua-os kernel: [    4.560879] e820: reserve RAM buffer [mem 0x18aa000000-0x18abffffff]
Oct  2 23:40:30 yeshua-os kernel: [    4.560938] hpet0: at MMIO 0xfed00000, IRQs 2, 8, 0
Oct  2 23:40:30 yeshua-os kernel: [    4.561423] hpet0: 3 comparators, 64-bit 100.000000 MHz counter
Oct  2 23:40:30 yeshua-os kernel: [    4.577915] clocksource: Switched to clocksource hpet
Oct  2 23:40:30 yeshua-os kernel: [    4.587275] VFS: Disk quotas dquot_6.6.0
Oct  2 23:40:30 yeshua-os kernel: [    4.670700] VFS: Dquot-cache hash table entries: 512 (order 0, 4096 bytes)
Oct  2 23:40:30 yeshua-os kernel: [    4.671464] pnp: PnP ACPI init
Oct  2 23:40:30 yeshua-os kernel: [    4.671897] pnp 00:03: [dma 2]
Oct  2 23:40:30 yeshua-os kernel: [    4.672195] pnp: PnP ACPI: found 6 devices
Oct  2 23:40:30 yeshua-os kernel: [    4.684959] clocksource: acpi_pm: mask: 0xffffff max_cycles: 0xffffff, max_idle_ns: 2085701024 ns
Oct  2 23:40:30 yeshua-os kernel: [    4.685550] NET: Registered PF_INET protocol family
Oct  2 23:40:30 yeshua-os kernel: [    4.686194] IP idents hash table entries: 262144 (order: 9, 2097152 bytes, linear)
Oct  2 23:40:30 yeshua-os kernel: [    4.688890] tcp_listen_portaddr_hash hash table entries: 65536 (order: 8, 1048576 bytes, linear)
Oct  2 23:40:30 yeshua-os kernel: [    4.689779] TCP established hash table entries: 524288 (order: 10, 4194304 bytes, linear)
Oct  2 23:40:30 yeshua-os kernel: [    4.691311] TCP bind hash table entries: 65536 (order: 8, 1048576 bytes, linear)
Oct  2 23:40:30 yeshua-os kernel: [    4.692125] TCP: Hash tables configured (established 524288 bind 65536)
Oct  2 23:40:30 yeshua-os kernel: [    4.692619] UDP hash table entries: 65536 (order: 9, 2097152 bytes, linear)
Oct  2 23:40:30 yeshua-os kernel: [    4.693478] UDP-Lite hash table entries: 65536 (order: 9, 2097152 bytes, linear)
Oct  2 23:40:30 yeshua-os kernel: [    4.694626] NET: Registered PF_UNIX/PF_LOCAL protocol family
Oct  2 23:40:30 yeshua-os kernel: [    4.695903] RPC: Registered named UNIX socket transport module.
Oct  2 23:40:30 yeshua-os kernel: [    4.696235] RPC: Registered udp transport module.
Oct  2 23:40:30 yeshua-os kernel: [    4.696570] RPC: Registered tcp transport module.
Oct  2 23:40:30 yeshua-os kernel: [    4.696873] RPC: Registered tcp NFSv4.1 backchannel transport module.
Oct  2 23:40:30 yeshua-os kernel: [    4.697691] pci_bus 0000:00: resource 4 [io  0x0000-0x0cf7 window]
Oct  2 23:40:30 yeshua-os kernel: [    4.698025] pci_bus 0000:00: resource 5 [io  0x0d00-0xffff window]
Oct  2 23:40:30 yeshua-os kernel: [    4.698350] pci_bus 0000:00: resource 6 [mem 0x000a0000-0x000bffff window]
Oct  2 23:40:30 yeshua-os kernel: [    4.698717] pci_bus 0000:00: resource 7 [mem 0xc0000000-0xfebfffff window]
Oct  2 23:40:30 yeshua-os kernel: [    4.699059] pci_bus 0000:00: resource 8 [mem 0x18c0000000-0x193fffffff window]
Oct  2 23:40:30 yeshua-os kernel: [    4.699561] pci 0000:00:01.0: PIIX3: Enabling Passive Release
Oct  2 23:40:30 yeshua-os kernel: [    4.699903] pci 0000:00:00.0: Limiting direct PCI/PCI transfers
Oct  2 23:40:30 yeshua-os kernel: [    4.700243] pci 0000:00:01.0: Activating ISA DMA hang workarounds
Oct  2 23:40:30 yeshua-os kernel: [    4.700670] pci 0000:00:02.0: Video device with shadowed ROM at [mem 0x000c0000-0x000dffff]
Oct  2 23:40:30 yeshua-os kernel: [    4.701140] PCI: CLS 0 bytes, default 64
Oct  2 23:40:30 yeshua-os kernel: [    4.701487] PCI-DMA: Using software bounce buffering for IO (SWIOTLB)
Oct  2 23:40:30 yeshua-os kernel: [    4.701832] software IO TLB: mapped [mem 0x00000000bbfde000-0x00000000bffde000] (64MB)
Oct  2 23:40:30 yeshua-os kernel: [    4.750142] Initialise system trusted keyrings
Oct  2 23:40:30 yeshua-os kernel: [    4.750812] workingset: timestamp_bits=56 max_order=25 bucket_order=0
Oct  2 23:40:30 yeshua-os kernel: [    4.752824] NFS: Registering the id_resolver key type
Oct  2 23:40:30 yeshua-os kernel: [    4.753142] Key type id_resolver registered
Oct  2 23:40:30 yeshua-os kernel: [    4.753473] Key type id_legacy registered
Oct  2 23:40:30 yeshua-os kernel: [    4.769651] Key type asymmetric registered
Oct  2 23:40:30 yeshua-os kernel: [    4.769949] Asymmetric key parser 'x509' registered
Oct  2 23:40:30 yeshua-os kernel: [    4.770279] Block layer SCSI generic (bsg) driver version 0.4 loaded (major 251)
Oct  2 23:40:30 yeshua-os kernel: [    4.770742] io scheduler mq-deadline registered
Oct  2 23:40:30 yeshua-os kernel: [    4.771039] io scheduler kyber registered
Oct  2 23:40:30 yeshua-os kernel: [    4.780695] input: Power Button as /devices/LNXSYSTM:00/LNXPWRBN:00/input/input0
Oct  2 23:40:30 yeshua-os kernel: [    4.781209] ACPI: button: Power Button [PWRF]
Oct  2 23:40:30 yeshua-os kernel: [    4.783834] Serial: 8250/16550 driver, 4 ports, IRQ sharing enabled
Oct  2 23:40:30 yeshua-os kernel: [    4.784646] 00:05: ttyS0 at I/O 0x3f8 (irq = 4, base_baud = 115200) is a 16550A
Oct  2 23:40:30 yeshua-os kernel: [    4.786058] Non-volatile memory driver v1.3
Oct  2 23:40:30 yeshua-os kernel: [    4.786462] Linux agpgart interface v0.103
Oct  2 23:40:30 yeshua-os kernel: [    4.807744] loop: module loaded
Oct  2 23:40:30 yeshua-os kernel: [    4.808133] ata_piix 0000:00:01.1: version 2.13
Oct  2 23:40:30 yeshua-os kernel: [    4.809337] scsi host0: ata_piix
Oct  2 23:40:30 yeshua-os kernel: [    4.810252] scsi host1: ata_piix
Oct  2 23:40:30 yeshua-os kernel: [    4.810613] ata1: PATA max MWDMA2 cmd 0x1f0 ctl 0x3f6 bmdma 0xc100 irq 14
Oct  2 23:40:30 yeshua-os kernel: [    4.810956] ata2: PATA max MWDMA2 cmd 0x170 ctl 0x376 bmdma 0xc108 irq 15
Oct  2 23:40:30 yeshua-os kernel: [    4.811467] libphy: Fixed MDIO Bus: probed
Oct  2 23:40:30 yeshua-os kernel: [    4.811816] e100: Intel(R) PRO/100 Network Driver
Oct  2 23:40:30 yeshua-os kernel: [    4.812148] e100: Copyright(c) 1999-2006 Intel Corporation
Oct  2 23:40:30 yeshua-os kernel: [    4.812507] e1000: Intel(R) PRO/1000 Network Driver
Oct  2 23:40:30 yeshua-os kernel: [    4.812813] e1000: Copyright (c) 1999-2006 Intel Corporation.
Oct  2 23:40:30 yeshua-os kernel: [    4.813141] e1000e: Intel(R) PRO/1000 Network Driver
Oct  2 23:40:30 yeshua-os kernel: [    4.813474] e1000e: Copyright(c) 1999 - 2015 Intel Corporation.
Oct  2 23:40:30 yeshua-os kernel: [    4.813813] sky2: driver version 1.30
Oct  2 23:40:30 yeshua-os kernel: [    4.814113] 8139too: 8139too Fast Ethernet driver 0.9.28
Oct  2 23:40:30 yeshua-os kernel: [    4.814460] 8139too 0000:00:03.0: This (id 10ec:8139 rev 20) is an enhanced 8139C+ chip, use 8139cp
Oct  2 23:40:30 yeshua-os kernel: [    4.815118] ehci_hcd: USB 2.0 'Enhanced' Host Controller (EHCI) Driver
Oct  2 23:40:30 yeshua-os kernel: [    4.815487] ehci-pci: EHCI PCI platform driver
Oct  2 23:40:30 yeshua-os kernel: [    4.815789] ohci_hcd: USB 1.1 'Open' Host Controller (OHCI) Driver
Oct  2 23:40:30 yeshua-os kernel: [    4.816119] ohci-pci: OHCI PCI platform driver
Oct  2 23:40:30 yeshua-os kernel: [    4.816457] uhci_hcd: USB Universal Host Controller Interface driver
Oct  2 23:40:30 yeshua-os kernel: [    4.816813] usbcore: registered new interface driver usblp
Oct  2 23:40:30 yeshua-os kernel: [    4.817133] usbcore: registered new interface driver usb-storage
Oct  2 23:40:30 yeshua-os kernel: [    4.817517] i8042: PNP: PS/2 Controller [PNP0303:KBD,PNP0f13:MOU] at 0x60,0x64 irq 1,12
Oct  2 23:40:30 yeshua-os kernel: [    4.818800] serio: i8042 KBD port at 0x60,0x64 irq 1
Oct  2 23:40:30 yeshua-os kernel: [    4.819115] serio: i8042 AUX port at 0x60,0x64 irq 12
Oct  2 23:40:30 yeshua-os kernel: [    4.820093] rtc_cmos 00:00: RTC can wake from S4
Oct  2 23:40:30 yeshua-os kernel: [    4.821517] input: AT Translated Set 2 keyboard as /devices/platform/i8042/serio0/input/input1
Oct  2 23:40:30 yeshua-os kernel: [    4.822077] rtc_cmos 00:00: registered as rtc0
Oct  2 23:40:30 yeshua-os kernel: [    4.822478] rtc_cmos 00:00: alarms up to one day, y3k, 114 bytes nvram, hpet irqs
Oct  2 23:40:30 yeshua-os kernel: [    4.823205] device-mapper: ioctl: 4.45.0-ioctl (2021-03-22) initialised: dm-devel@redhat.com
Oct  2 23:40:30 yeshua-os kernel: [    4.823774] hid: raw HID events driver (C) Jiri Kosina
Oct  2 23:40:30 yeshua-os kernel: [    4.824283] usbcore: registered new interface driver usbhid
Oct  2 23:40:30 yeshua-os kernel: [    4.824660] usbhid: USB HID core driver
Oct  2 23:40:30 yeshua-os kernel: [    4.829168] Initializing XFRM netlink socket
Oct  2 23:40:30 yeshua-os kernel: [    4.829799] NET: Registered PF_INET6 protocol family
Oct  2 23:40:30 yeshua-os kernel: [    4.831482] Segment Routing with IPv6
Oct  2 23:40:30 yeshua-os kernel: [    4.831817] In-situ OAM (IOAM) with IPv6
Oct  2 23:40:30 yeshua-os kernel: [    4.832180] sit: IPv6, IPv4 and MPLS over IPv4 tunneling driver
Oct  2 23:40:30 yeshua-os kernel: [    4.832871] NET: Registered PF_PACKET protocol family
Oct  2 23:40:30 yeshua-os kernel: [    4.833265] Key type dns_resolver registered
Oct  2 23:40:30 yeshua-os kernel: [    4.846092] IPI shorthand broadcast: enabled
Oct  2 23:40:30 yeshua-os kernel: [    4.846620] registered taskstats version 1
Oct  2 23:40:30 yeshua-os kernel: [    4.846912] Loading compiled-in X.509 certificates
Oct  2 23:40:30 yeshua-os kernel: [    4.847933] PM:   Jesus number: 9:535:701
Oct  2 23:40:30 yeshua-os kernel: [    4.848377] acpi LNXCPU:0f: hash matches
Oct  2 23:40:30 yeshua-os kernel: [    4.848734] printk: console [netcon0] enabled
Oct  2 23:40:30 yeshua-os kernel: [    4.849027] netconsole: network logging started
Oct  2 23:40:30 yeshua-os kernel: [    4.850698] cfg80211: Loading compiled-in X.509 certificates for regulatory database
Oct  2 23:40:30 yeshua-os kernel: [    4.851570] kworker/u128:2 (383) used greatest stack depth: 14296 bytes left
Oct  2 23:40:30 yeshua-os kernel: [    4.852962] cfg80211: Loaded X.509 cert 'sforshee: 00b28ddf47aef9cea7'
Oct  2 23:40:30 yeshua-os kernel: [    4.853349] platform regulatory.0: Direct firmware load for regulatory.db failed with error -2
Oct  2 23:40:30 yeshua-os kernel: [    4.853852] cfg80211: failed to load regulatory.db
Oct  2 23:40:30 yeshua-os kernel: [    4.854173] Unstable clock detected, switching default tracing clock to "global"
Oct  2 23:40:30 yeshua-os kernel: [    4.854173] If you want to keep using the local clock, then add:
Oct  2 23:40:30 yeshua-os kernel: [    4.854173]   "trace_clock=local"
Oct  2 23:40:30 yeshua-os kernel: [    4.854173] on the kernel command line
Oct  2 23:40:30 yeshua-os kernel: [    4.855351] ALSA device list:
Oct  2 23:40:30 yeshua-os kernel: [    4.855661]   No soundcards found.
Oct  2 23:40:30 yeshua-os kernel: [    4.965305] ata2.01: NODEV after polling detection
Oct  2 23:40:30 yeshua-os kernel: [    4.965743] ata2.00: ATAPI: QEMU DVD-ROM, 2.5+, max UDMA/100
Oct  2 23:40:30 yeshua-os kernel: [    4.966222] ata1.01: NODEV after polling detection
Oct  2 23:40:30 yeshua-os kernel: [    4.966866] ata1.00: ATA-7: QEMU HARDDISK, 2.5+, max UDMA/100
Oct  2 23:40:30 yeshua-os kernel: [    4.967198] ata1.00: 20971520 sectors, multi 16: LBA48 
Oct  2 23:40:30 yeshua-os kernel: [    4.968835] scsi 0:0:0:0: Direct-Access     ATA      QEMU HARDDISK    2.5+ PQ: 0 ANSI: 5
Oct  2 23:40:30 yeshua-os kernel: [    4.969734] sd 0:0:0:0: Attached scsi generic sg0 type 0
Oct  2 23:40:30 yeshua-os kernel: [    4.969840] sd 0:0:0:0: [sda] 20971520 512-byte logical blocks: (10.7 GB/10.0 GiB)
Oct  2 23:40:30 yeshua-os kernel: [    4.970664] sd 0:0:0:0: [sda] Write Protect is off
Oct  2 23:40:30 yeshua-os kernel: [    4.970988] sd 0:0:0:0: [sda] Mode Sense: 00 3a 00 00
Oct  2 23:40:30 yeshua-os kernel: [    4.971045] sd 0:0:0:0: [sda] Write cache: enabled, read cache: enabled, doesn't support DPO or FUA
Oct  2 23:40:30 yeshua-os kernel: [    4.971413] scsi 1:0:0:0: CD-ROM            QEMU     QEMU DVD-ROM     2.5+ PQ: 0 ANSI: 5
Oct  2 23:40:30 yeshua-os kernel: [    4.978152]  sda: sda1 sda2
Oct  2 23:40:30 yeshua-os kernel: [    4.979005] sd 0:0:0:0: [sda] Attached SCSI disk
Oct  2 23:40:30 yeshua-os kernel: [    4.991385] sr 1:0:0:0: [sr0] scsi3-mmc drive: 4x/4x cd/rw xa/form2 tray
Oct  2 23:40:30 yeshua-os kernel: [    4.991781] cdrom: Uniform CD-ROM driver Revision: 3.20
Oct  2 23:40:30 yeshua-os kernel: [    5.010552] sr 1:0:0:0: Attached scsi CD-ROM sr0
Oct  2 23:40:30 yeshua-os kernel: [    5.010791] sr 1:0:0:0: Attached scsi generic sg1 type 5
Oct  2 23:40:30 yeshua-os kernel: [    5.455224] input: ImExPS/2 Generic Explorer Mouse as /devices/platform/i8042/serio1/input/input3
Oct  2 23:40:30 yeshua-os kernel: [    5.456060] md: Waiting for all devices to be available before autodetect
Oct  2 23:40:30 yeshua-os kernel: [    5.456406] md: If you don't use raid, use raid=noautodetect
Oct  2 23:40:30 yeshua-os kernel: [    5.456763] md: Autodetecting RAID arrays.
Oct  2 23:40:30 yeshua-os kernel: [    5.457055] md: autorun ...
Oct  2 23:40:30 yeshua-os kernel: [    5.457320] md: ... autorun DONE.
Oct  2 23:40:30 yeshua-os kernel: [    5.463517] EXT4-fs (sda2): mounted filesystem with ordered data mode. Opts: (null). Quota mode: none.
Oct  2 23:40:30 yeshua-os kernel: [    5.464013] VFS: Mounted root (ext4 filesystem) readonly on device 8:2.
Oct  2 23:40:30 yeshua-os kernel: [    5.465521] devtmpfs: mounted
Oct  2 23:40:30 yeshua-os kernel: [    5.467339] Freeing unused kernel image (initmem) memory: 1352K
Oct  2 23:40:30 yeshua-os kernel: [    5.471469] Write protecting the kernel read-only data: 20480k
Oct  2 23:40:30 yeshua-os kernel: [    5.474211] Freeing unused kernel image (text/rodata gap) memory: 2032K
Oct  2 23:40:30 yeshua-os kernel: [    5.475817] Freeing unused kernel image (rodata/data gap) memory: 508K
Oct  2 23:40:30 yeshua-os kernel: [    5.476164] Run /sbin/init as init process
Oct  2 23:40:30 yeshua-os kernel: [    5.476493]   with arguments:
Oct  2 23:40:30 yeshua-os kernel: [    5.476494]     /sbin/init
Oct  2 23:40:30 yeshua-os kernel: [    5.476494]   with environment:
Oct  2 23:40:30 yeshua-os kernel: [    5.476495]     HOME=/
Oct  2 23:40:30 yeshua-os kernel: [    5.476496]     TERM=linux
Oct  2 23:40:30 yeshua-os kernel: [    5.476496]     BOOT_IMAGE=/boot/yeshuaos-001
Oct  2 23:40:30 yeshua-os kernel: [    5.559625] stty (403) used greatest stack depth: 13304 bytes left
Oct  2 23:40:30 yeshua-os kernel: [    5.570235] dmesg (405) used greatest stack depth: 13208 bytes left
Oct  2 23:40:30 yeshua-os kernel: [    5.631212] date (429) used greatest stack depth: 13192 bytes left
Oct  2 23:40:30 yeshua-os kernel: [    5.672969] random: fast init done
Oct  2 23:40:30 yeshua-os kernel: [    5.703651] ip (475) used greatest stack depth: 12320 bytes left
Oct  2 23:40:30 yeshua-os kernel: <30>[    5.752528] udevd[501]: starting version 3.2.10
Oct  2 23:40:30 yeshua-os kernel: [    5.762107] random: udevd: uninitialized urandom read (16 bytes read)
Oct  2 23:40:30 yeshua-os kernel: [    5.763024] random: udevd: uninitialized urandom read (16 bytes read)
Oct  2 23:40:30 yeshua-os kernel: [    5.763882] random: udevd: uninitialized urandom read (16 bytes read)
Oct  2 23:40:30 yeshua-os kernel: <30>[    5.778767] udevd[503]: starting eudev-3.2.10
Oct  2 23:40:30 yeshua-os kernel: [    6.336675] EXT4-fs (sda2): re-mounted. Opts: (null). Quota mode: none.
Oct  2 23:40:30 yeshua-os kernel: [    6.385046] EXT4-fs (sda2): re-mounted. Opts: (null). Quota mode: none.
Oct  2 23:40:31 yeshua-os kernel: [    8.564473] random: crng init done
Oct  2 23:40:31 yeshua-os kernel: [    8.564797] random: 7 urandom warning(s) missed due to ratelimiting
Oct  2 23:42:57 yeshua-os syslogd 1.5.1: restart.
Oct  2 23:42:57 yeshua-os kernel: klogd 1.5.1, log source = /proc/kmsg started.
Oct  2 23:42:57 yeshua-os kernel: Cannot find map file.
Oct  2 23:42:57 yeshua-os kernel: Loaded 56235 symbols from 1 module.
Oct  2 23:42:57 yeshua-os kernel: [    0.000000] Linux version 5.15.0-rc3 (root@jesus-christ-ubuntu-installer) (gcc (GCC) 11.2.0, GNU ld (GNU Binutils) 2.37) #1 SMP Sat Oct 2 22:43:32 CEST 2021
Oct  2 23:42:57 yeshua-os kernel: [    0.000000] Command line: BOOT_IMAGE=/boot/yeshuaos-001 root=/dev/sda2 ro
Oct  2 23:42:57 yeshua-os kernel: [    0.000000] x86/fpu: Supporting XSAVE feature 0x001: 'x87 floating point registers'
Oct  2 23:42:57 yeshua-os kernel: [    0.000000] x86/fpu: Supporting XSAVE feature 0x002: 'SSE registers'
Oct  2 23:42:57 yeshua-os kernel: [    0.000000] x86/fpu: Supporting XSAVE feature 0x004: 'AVX registers'
Oct  2 23:42:57 yeshua-os kernel: [    0.000000] x86/fpu: xstate_offset[2]:  576, xstate_sizes[2]:  256
Oct  2 23:42:57 yeshua-os kernel: [    0.000000] x86/fpu: Enabled xstate features 0x7, context size is 832 bytes, using 'standard' format.
Oct  2 23:42:57 yeshua-os kernel: [    0.000000] signal: max sigframe size: 1776
Oct  2 23:42:57 yeshua-os kernel: [    0.000000] BIOS-provided physical RAM map:
Oct  2 23:42:57 yeshua-os kernel: [    0.000000] BIOS-e820: [mem 0x0000000000000000-0x000000000009fbff] usable
Oct  2 23:42:57 yeshua-os kernel: [    0.000000] BIOS-e820: [mem 0x000000000009fc00-0x000000000009ffff] reserved
Oct  2 23:42:57 yeshua-os kernel: [    0.000000] BIOS-e820: [mem 0x00000000000f0000-0x00000000000fffff] reserved
Oct  2 23:42:57 yeshua-os kernel: [    0.000000] BIOS-e820: [mem 0x0000000000100000-0x00000000bffddfff] usable
Oct  2 23:42:57 yeshua-os kernel: [    0.000000] BIOS-e820: [mem 0x00000000bffde000-0x00000000bfffffff] reserved
Oct  2 23:42:57 yeshua-os kernel: [    0.000000] BIOS-e820: [mem 0x00000000feffc000-0x00000000feffffff] reserved
Oct  2 23:42:57 yeshua-os kernel: [    0.000000] BIOS-e820: [mem 0x00000000fffc0000-0x00000000ffffffff] reserved
Oct  2 23:42:57 yeshua-os kernel: [    0.000000] BIOS-e820: [mem 0x0000000100000000-0x00000018a9ffffff] usable
Oct  2 23:42:57 yeshua-os kernel: [    0.000000] NX (Execute Disable) protection: active
Oct  2 23:42:57 yeshua-os kernel: [    0.000000] SMBIOS 2.8 present.
Oct  2 23:42:57 yeshua-os kernel: [    0.000000] DMI: QEMU Standard PC (i440FX + PIIX, 1996), BIOS 1.12.0-1 04/01/2014
Oct  2 23:42:57 yeshua-os kernel: [    0.000000] tsc: Fast TSC calibration using PIT
Oct  2 23:42:57 yeshua-os kernel: [    0.000000] tsc: Detected 2195.895 MHz processor
Oct  2 23:42:57 yeshua-os kernel: [    0.000593] e820: update [mem 0x00000000-0x00000fff] usable ==> reserved
Oct  2 23:42:57 yeshua-os kernel: [    0.000596] e820: remove [mem 0x000a0000-0x000fffff] usable
Oct  2 23:42:57 yeshua-os kernel: [    0.000600] last_pfn = 0x18aa000 max_arch_pfn = 0x400000000
Oct  2 23:42:57 yeshua-os kernel: [    0.000646] x86/PAT: Configuration [0-7]: WB  WC  UC- UC  WB  WP  UC- WT  
Oct  2 23:42:57 yeshua-os kernel: [    0.000655] last_pfn = 0xbffde max_arch_pfn = 0x400000000
Oct  2 23:42:57 yeshua-os kernel: [    0.005156] Using GB pages for direct mapping
Oct  2 23:42:57 yeshua-os kernel: [    0.005308] ACPI: Early table checksum verification disabled
Oct  2 23:42:57 yeshua-os kernel: [    0.005311] ACPI: RSDP 0x00000000000F5B30 000014 (v00 BOCHS )
Oct  2 23:42:57 yeshua-os kernel: [    0.005315] ACPI: RSDT 0x00000000BFFE18D0 000030 (v01 BOCHS  BXPCRSDT 00000001 BXPC 00000001)
Oct  2 23:42:57 yeshua-os kernel: [    0.005321] ACPI: FACP 0x00000000BFFE15B4 000074 (v01 BOCHS  BXPCFACP 00000001 BXPC 00000001)
Oct  2 23:42:57 yeshua-os kernel: [    0.005326] ACPI: DSDT 0x00000000BFFDEC80 002934 (v01 BOCHS  BXPCDSDT 00000001 BXPC 00000001)
Oct  2 23:42:57 yeshua-os kernel: [    0.005330] ACPI: FACS 0x00000000BFFDEC40 000040
Oct  2 23:42:57 yeshua-os kernel: [    0.005332] ACPI: APIC 0x00000000BFFE1628 000270 (v01 BOCHS  BXPCAPIC 00000001 BXPC 00000001)
Oct  2 23:42:57 yeshua-os kernel: [    0.005336] ACPI: HPET 0x00000000BFFE1898 000038 (v01 BOCHS  BXPCHPET 00000001 BXPC 00000001)
Oct  2 23:42:57 yeshua-os kernel: [    0.005338] ACPI: Reserving FACP table memory at [mem 0xbffe15b4-0xbffe1627]
Oct  2 23:42:57 yeshua-os kernel: [    0.005340] ACPI: Reserving DSDT table memory at [mem 0xbffdec80-0xbffe15b3]
Oct  2 23:42:57 yeshua-os kernel: [    0.005346] ACPI: Reserving FACS table memory at [mem 0xbffdec40-0xbffdec7f]
Oct  2 23:42:57 yeshua-os kernel: [    0.005348] ACPI: Reserving APIC table memory at [mem 0xbffe1628-0xbffe1897]
Oct  2 23:42:57 yeshua-os kernel: [    0.005349] ACPI: Reserving HPET table memory at [mem 0xbffe1898-0xbffe18cf]
Oct  2 23:42:57 yeshua-os kernel: [    0.005678] No NUMA configuration found
Oct  2 23:42:57 yeshua-os kernel: [    0.005680] Faking a node at [mem 0x0000000000000000-0x00000018a9ffffff]
Oct  2 23:42:57 yeshua-os kernel: [    0.005684] NODE_DATA(0) allocated [mem 0x18a9ffc000-0x18a9ffffff]
Oct  2 23:42:57 yeshua-os kernel: [    0.005999] Zone ranges:
Oct  2 23:42:57 yeshua-os kernel: [    0.006000]   DMA      [mem 0x0000000000001000-0x0000000000ffffff]
Oct  2 23:42:57 yeshua-os kernel: [    0.006003]   DMA32    [mem 0x0000000001000000-0x00000000ffffffff]
Oct  2 23:42:57 yeshua-os kernel: [    0.006004]   Normal   [mem 0x0000000100000000-0x00000018a9ffffff]
Oct  2 23:42:57 yeshua-os kernel: [    0.006006] Movable zone start for each node
Oct  2 23:42:57 yeshua-os kernel: [    0.006007] Early memory node ranges
Oct  2 23:42:57 yeshua-os kernel: [    0.006008]   node   0: [mem 0x0000000000001000-0x000000000009efff]
Oct  2 23:42:57 yeshua-os kernel: [    0.006010]   node   0: [mem 0x0000000000100000-0x00000000bffddfff]
Oct  2 23:42:57 yeshua-os kernel: [    0.006011]   node   0: [mem 0x0000000100000000-0x00000018a9ffffff]
Oct  2 23:42:57 yeshua-os kernel: [    0.006019] Initmem setup node 0 [mem 0x0000000000001000-0x00000018a9ffffff]
Oct  2 23:42:57 yeshua-os kernel: [    0.006323] On node 0, zone DMA: 1 pages in unavailable ranges
Oct  2 23:42:57 yeshua-os kernel: [    0.006342] On node 0, zone DMA: 97 pages in unavailable ranges
Oct  2 23:42:57 yeshua-os kernel: [    0.315496] On node 0, zone Normal: 34 pages in unavailable ranges
Oct  2 23:42:57 yeshua-os kernel: [    0.315695] On node 0, zone Normal: 24576 pages in unavailable ranges
Oct  2 23:42:57 yeshua-os kernel: [    0.316166] ACPI: PM-Timer IO Port: 0x608
Oct  2 23:42:57 yeshua-os kernel: [    0.316177] ACPI: LAPIC_NMI (acpi_id[0xff] dfl dfl lint[0x1])
Oct  2 23:42:57 yeshua-os kernel: [    0.316217] IOAPIC[0]: apic_id 0, version 17, address 0xfec00000, GSI 0-23
Oct  2 23:42:57 yeshua-os kernel: [    0.316220] ACPI: INT_SRC_OVR (bus 0 bus_irq 0 global_irq 2 dfl dfl)
Oct  2 23:42:57 yeshua-os kernel: [    0.316222] ACPI: INT_SRC_OVR (bus 0 bus_irq 5 global_irq 5 high level)
Oct  2 23:42:57 yeshua-os kernel: [    0.316224] ACPI: INT_SRC_OVR (bus 0 bus_irq 9 global_irq 9 high level)
Oct  2 23:42:57 yeshua-os kernel: [    0.316225] ACPI: INT_SRC_OVR (bus 0 bus_irq 10 global_irq 10 high level)
Oct  2 23:42:57 yeshua-os kernel: [    0.316227] ACPI: INT_SRC_OVR (bus 0 bus_irq 11 global_irq 11 high level)
Oct  2 23:42:57 yeshua-os kernel: [    0.316230] ACPI: Using ACPI (MADT) for SMP configuration information
Oct  2 23:42:57 yeshua-os kernel: [    0.316232] ACPI: HPET id: 0x8086a201 base: 0xfed00000
Oct  2 23:42:57 yeshua-os kernel: [    0.316236] TSC deadline timer available
Oct  2 23:42:57 yeshua-os kernel: [    0.316241] smpboot: Allowing 64 CPUs, 0 hotplug CPUs
Oct  2 23:42:57 yeshua-os kernel: [    0.316252] PM: hibernation: Registered nosave memory: [mem 0x00000000-0x00000fff]
Oct  2 23:42:57 yeshua-os kernel: [    0.316254] PM: hibernation: Registered nosave memory: [mem 0x0009f000-0x0009ffff]
Oct  2 23:42:57 yeshua-os kernel: [    0.316255] PM: hibernation: Registered nosave memory: [mem 0x000a0000-0x000effff]
Oct  2 23:42:57 yeshua-os kernel: [    0.316257] PM: hibernation: Registered nosave memory: [mem 0x000f0000-0x000fffff]
Oct  2 23:42:57 yeshua-os kernel: [    0.316258] PM: hibernation: Registered nosave memory: [mem 0xbffde000-0xbfffffff]
Oct  2 23:42:57 yeshua-os kernel: [    0.316259] PM: hibernation: Registered nosave memory: [mem 0xc0000000-0xfeffbfff]
Oct  2 23:42:57 yeshua-os kernel: [    0.316261] PM: hibernation: Registered nosave memory: [mem 0xfeffc000-0xfeffffff]
Oct  2 23:42:57 yeshua-os kernel: [    0.316262] PM: hibernation: Registered nosave memory: [mem 0xff000000-0xfffbffff]
Oct  2 23:42:57 yeshua-os kernel: [    0.316263] PM: hibernation: Registered nosave memory: [mem 0xfffc0000-0xffffffff]
Oct  2 23:42:57 yeshua-os kernel: [    0.316265] [mem 0xc0000000-0xfeffbfff] available for PCI devices
Oct  2 23:42:57 yeshua-os kernel: [    0.316268] clocksource: refined-jiffies: mask: 0xffffffff max_cycles: 0xffffffff, max_idle_ns: 1910969940391419 ns
Oct  2 23:42:57 yeshua-os kernel: [    0.321794] setup_percpu: NR_CPUS:64 nr_cpumask_bits:64 nr_cpu_ids:64 nr_node_ids:1
Oct  2 23:42:57 yeshua-os kernel: [    0.326188] percpu: Embedded 48 pages/cpu s157976 r8192 d30440 u262144
Oct  2 23:42:57 yeshua-os kernel: [    0.326201] pcpu-alloc: s157976 r8192 d30440 u262144 alloc=1*2097152
Oct  2 23:42:57 yeshua-os kernel: [    0.326204] pcpu-alloc: [0] 00 01 02 03 04 05 06 07 [0] 08 09 10 11 12 13 14 15 
Oct  2 23:42:57 yeshua-os kernel: [    0.326213] pcpu-alloc: [0] 16 17 18 19 20 21 22 23 [0] 24 25 26 27 28 29 30 31 
Oct  2 23:42:57 yeshua-os kernel: [    0.326221] pcpu-alloc: [0] 32 33 34 35 36 37 38 39 [0] 40 41 42 43 44 45 46 47 
Oct  2 23:42:57 yeshua-os kernel: [    0.326228] pcpu-alloc: [0] 48 49 50 51 52 53 54 55 [0] 56 57 58 59 60 61 62 63 
Oct  2 23:42:57 yeshua-os kernel: [    0.326272] Built 1 zonelists, mobility grouping on.  Total pages: 25199710
Oct  2 23:42:57 yeshua-os kernel: [    0.326274] Policy zone: Normal
Oct  2 23:42:57 yeshua-os kernel: [    0.326276] Kernel command line: BOOT_IMAGE=/boot/yeshuaos-001 root=/dev/sda2 ro
Oct  2 23:42:57 yeshua-os kernel: [    0.326303] Unknown command line parameters: BOOT_IMAGE=/boot/yeshuaos-001
Oct  2 23:42:57 yeshua-os kernel: [    0.326305] printk: log_buf_len individual max cpu contribution: 4096 bytes
Oct  2 23:42:57 yeshua-os kernel: [    0.326306] printk: log_buf_len total cpu_extra contributions: 258048 bytes
Oct  2 23:42:57 yeshua-os kernel: [    0.326307] printk: log_buf_len min size: 262144 bytes
Oct  2 23:42:57 yeshua-os kernel: [    0.326904] printk: log_buf_len: 524288 bytes
Oct  2 23:42:57 yeshua-os kernel: [    0.326905] printk: early log buf free: 255632(97%)
Oct  2 23:42:57 yeshua-os kernel: [    0.337908] Dentry cache hash table entries: 8388608 (order: 14, 67108864 bytes, linear)
Oct  2 23:42:57 yeshua-os kernel: [    0.343224] Inode-cache hash table entries: 4194304 (order: 13, 33554432 bytes, linear)
Oct  2 23:42:57 yeshua-os kernel: [    0.343408] mem auto-init: stack:off, heap alloc:off, heap free:off
Oct  2 23:42:57 yeshua-os kernel: [    0.605069] Memory: 100586920K/102399472K available (14350K kernel code, 2582K rwdata, 3588K rodata, 1352K init, 1508K bss, 1812292K reserved, 0K cma-reserved)
Oct  2 23:42:57 yeshua-os kernel: [    0.605384] SLUB: HWalign=64, Order=0-3, MinObjects=0, CPUs=64, Nodes=1
Oct  2 23:42:57 yeshua-os kernel: [    0.605979] rcu: Hierarchical RCU implementation.
Oct  2 23:42:57 yeshua-os kernel: [    0.605981] rcu: ^IRCU event tracing is enabled.
Oct  2 23:42:57 yeshua-os kernel: [    0.605982] rcu: RCU calculated value of scheduler-enlistment delay is 100 jiffies.
Oct  2 23:42:57 yeshua-os kernel: [    0.606998] NR_IRQS: 4352, nr_irqs: 936, preallocated irqs: 16
Oct  2 23:42:57 yeshua-os kernel: [    0.607506] random: get_random_bytes called from start_kernel+0x491/0x65e with crng_init=0
Oct  2 23:42:57 yeshua-os kernel: [    0.616076] Console: colour VGA+ 80x25
Oct  2 23:42:57 yeshua-os kernel: [    0.650737] printk: console [tty0] enabled
Oct  2 23:42:57 yeshua-os kernel: [    0.651113] ACPI: Core revision 20210730
Oct  2 23:42:57 yeshua-os kernel: [    0.651562] clocksource: hpet: mask: 0xffffffff max_cycles: 0xffffffff, max_idle_ns: 19112604467 ns
Oct  2 23:42:57 yeshua-os kernel: [    0.652173] APIC: Switch to symmetric I/O mode setup
Oct  2 23:42:57 yeshua-os kernel: [    0.652504] Switched APIC routing to physical flat.
Oct  2 23:42:57 yeshua-os kernel: [    0.653870] ..TIMER: vector=0x30 apic1=0 pin1=2 apic2=-1 pin2=-1
Oct  2 23:42:57 yeshua-os kernel: [    0.659152] tsc: Marking TSC unstable due to TSCs unsynchronized
Oct  2 23:42:57 yeshua-os kernel: [    0.659484] Calibrating delay loop (skipped), value calculated using timer frequency.. 4391.79 BogoMIPS (lpj=2195895)
Oct  2 23:42:57 yeshua-os kernel: [    0.659975] pid_max: default: 65536 minimum: 512
Oct  2 23:42:57 yeshua-os kernel: [    0.660554] LSM: Security Framework initializing
Oct  2 23:42:57 yeshua-os kernel: [    0.660871] SELinux:  Initializing.
Oct  2 23:42:57 yeshua-os kernel: [    0.661542] Mount-cache hash table entries: 131072 (order: 8, 1048576 bytes, linear)
Oct  2 23:42:57 yeshua-os kernel: [    0.662035] Mountpoint-cache hash table entries: 131072 (order: 8, 1048576 bytes, linear)
Oct  2 23:42:57 yeshua-os kernel: [    0.662844] Last level iTLB entries: 4KB 512, 2MB 255, 4MB 127
Oct  2 23:42:57 yeshua-os kernel: [    0.663169] Last level dTLB entries: 4KB 512, 2MB 255, 4MB 127, 1GB 0
Oct  2 23:42:57 yeshua-os kernel: [    0.663485] Spectre V1 : Mitigation: usercopy/swapgs barriers and __user pointer sanitization
Oct  2 23:42:57 yeshua-os kernel: [    0.663924] Spectre V2 : Mitigation: Full AMD retpoline
Oct  2 23:42:57 yeshua-os kernel: [    0.664233] Spectre V2 : Spectre v2 / SpectreRSB mitigation: Filling RSB on context switch
Oct  2 23:42:57 yeshua-os kernel: [    0.664482] Spectre V2 : mitigation: Enabling conditional Indirect Branch Prediction Barrier
Oct  2 23:42:57 yeshua-os kernel: [    0.664919] Speculative Store Bypass: Mitigation: Speculative Store Bypass disabled via prctl and seccomp
Oct  2 23:42:57 yeshua-os kernel: [    0.667636] Freeing SMP alternatives memory: 44K
Oct  2 23:42:57 yeshua-os kernel: [    0.668085] smpboot: CPU0: AMD EPYC 7301 16-Core Processor (family: 0x17, model: 0x1, stepping: 0x2)
Oct  2 23:42:57 yeshua-os kernel: [    0.668480] Performance Events: Fam17h+ core perfctr, AMD PMU driver.
Oct  2 23:42:57 yeshua-os kernel: [    0.668480] ... version:                0
Oct  2 23:42:57 yeshua-os kernel: [    0.668482] ... bit width:              48
Oct  2 23:42:57 yeshua-os kernel: [    0.668770] ... generic registers:      6
Oct  2 23:42:57 yeshua-os kernel: [    0.669070] ... value mask:             0000ffffffffffff
Oct  2 23:42:57 yeshua-os kernel: [    0.669383] ... max period:             00007fffffffffff
Oct  2 23:42:57 yeshua-os kernel: [    0.669482] ... fixed-purpose events:   0
Oct  2 23:42:57 yeshua-os kernel: [    0.669768] ... event mask:             000000000000003f
Oct  2 23:42:57 yeshua-os kernel: [    0.670173] rcu: Hierarchical SRCU implementation.
Oct  2 23:42:57 yeshua-os kernel: [    0.671202] smp: Bringing up secondary CPUs ...
Oct  2 23:42:57 yeshua-os kernel: [    0.671555] x86: Booting SMP configuration:
Oct  2 23:42:57 yeshua-os kernel: [    0.671848] .... node  #0, CPUs:        #1  #2  #3  #4  #5  #6  #7  #8  #9 #10 #11 #12 #13 #14 #15 #16 #17 #18 #19 #20 #21 #22 #23 #24 #25 #26 #27 #28 #29 #30 #31 #32 #33 #34 #35 #36 #37 #38 #39 #40 #41 #42 #43 #44 #45 #46 #47 #48 #49 #50 #51 #52 #53 #54 #55 #56 #57 #58 #59 #60 #61 #62 #63
Oct  2 23:42:57 yeshua-os kernel: [    4.460061] smp: Brought up 1 node, 64 CPUs
Oct  2 23:42:57 yeshua-os kernel: [    4.460791] smpboot: Max logical packages: 64
Oct  2 23:42:57 yeshua-os kernel: [    4.461086] smpboot: Total of 64 processors activated (283074.30 BogoMIPS)
Oct  2 23:42:57 yeshua-os kernel: [    4.470597] devtmpfs: initialized
Oct  2 23:42:57 yeshua-os kernel: [    4.470911] clocksource: jiffies: mask: 0xffffffff max_cycles: 0xffffffff, max_idle_ns: 1911260446275000 ns
Oct  2 23:42:57 yeshua-os kernel: [    4.471487] futex hash table entries: 16384 (order: 8, 1048576 bytes, linear)
Oct  2 23:42:57 yeshua-os kernel: [    4.472343] PM: RTC time: 21:42:54, date: 2021-10-02
Oct  2 23:42:57 yeshua-os kernel: [    4.473512] NET: Registered PF_NETLINK/PF_ROUTE protocol family
Oct  2 23:42:57 yeshua-os kernel: [    4.473901] audit: initializing netlink subsys (disabled)
Oct  2 23:42:57 yeshua-os kernel: [    4.474256] audit: type=2000 audit(1633210973.820:1): state=initialized audit_enabled=0 res=1
Oct  2 23:42:57 yeshua-os kernel: [    4.474256] thermal_sys: Registered thermal governor 'step_wise'
Oct  2 23:42:57 yeshua-os kernel: [    4.474483] thermal_sys: Registered thermal governor 'user_space'
Oct  2 23:42:57 yeshua-os kernel: [    4.474836] cpuidle: using governor menu
Oct  2 23:42:57 yeshua-os kernel: [    4.478509] ACPI: bus type PCI registered
Oct  2 23:42:57 yeshua-os kernel: [    4.479608] PCI: Using configuration type 1 for base access
Oct  2 23:42:57 yeshua-os kernel: [    4.479924] PCI: Using configuration type 1 for extended access
Oct  2 23:42:57 yeshua-os kernel: [    4.483067] Kprobes globally optimized
Oct  2 23:42:57 yeshua-os kernel: [    4.483839] HugeTLB registered 2.00 MiB page size, pre-allocated 0 pages
Oct  2 23:42:57 yeshua-os kernel: [    4.484533] cryptomgr_test (337) used greatest stack depth: 15232 bytes left
Oct  2 23:42:57 yeshua-os kernel: [    4.487821] ACPI: Added _OSI(Module Device)
Oct  2 23:42:57 yeshua-os kernel: [    4.488484] ACPI: Added _OSI(Processor Device)
Oct  2 23:42:57 yeshua-os kernel: [    4.488780] ACPI: Added _OSI(3.0 _SCP Extensions)
Oct  2 23:42:57 yeshua-os kernel: [    4.489083] ACPI: Added _OSI(Processor Aggregator Device)
Oct  2 23:42:57 yeshua-os kernel: [    4.489399] ACPI: Added _OSI(Linux-Dell-Video)
Oct  2 23:42:57 yeshua-os kernel: [    4.489483] ACPI: Added _OSI(Linux-Lenovo-NV-HDMI-Audio)
Oct  2 23:42:57 yeshua-os kernel: [    4.489793] ACPI: Added _OSI(Linux-HPI-Hybrid-Graphics)
Oct  2 23:42:57 yeshua-os kernel: [    4.491140] ACPI: 1 ACPI AML tables successfully acquired and loaded
Oct  2 23:42:57 yeshua-os kernel: [    4.492824] ACPI: Interpreter enabled
Oct  2 23:42:57 yeshua-os kernel: [    4.493132] ACPI: PM: (supports S0 S3 S4 S5)
Oct  2 23:42:57 yeshua-os kernel: [    4.493487] ACPI: Using IOAPIC for interrupt routing
Oct  2 23:42:57 yeshua-os kernel: [    4.493803] PCI: Using host bridge windows from ACPI; if necessary, use "pci=nocrs" and report a bug
Oct  2 23:42:57 yeshua-os kernel: [    4.494388] ACPI: Enabled 2 GPEs in block 00 to 0F
Oct  2 23:42:57 yeshua-os kernel: [    4.499360] ACPI: PCI Root Bridge [PCI0] (domain 0000 [bus 00-ff])
Oct  2 23:42:57 yeshua-os kernel: [    4.499486] acpi PNP0A03:00: _OSC: OS supports [ExtendedConfig ASPM ClockPM Segments MSI HPX-Type3]
Oct  2 23:42:57 yeshua-os kernel: [    4.499974] PCI host bridge to bus 0000:00
Oct  2 23:42:57 yeshua-os kernel: [    4.500279] pci_bus 0000:00: root bus resource [io  0x0000-0x0cf7 window]
Oct  2 23:42:57 yeshua-os kernel: [    4.500483] pci_bus 0000:00: root bus resource [io  0x0d00-0xffff window]
Oct  2 23:42:57 yeshua-os kernel: [    4.500819] pci_bus 0000:00: root bus resource [mem 0x000a0000-0x000bffff window]
Oct  2 23:42:57 yeshua-os kernel: [    4.501241] pci_bus 0000:00: root bus resource [mem 0xc0000000-0xfebfffff window]
Oct  2 23:42:57 yeshua-os kernel: [    4.501483] pci_bus 0000:00: root bus resource [mem 0x18c0000000-0x193fffffff window]
Oct  2 23:42:57 yeshua-os kernel: [    4.501909] pci_bus 0000:00: root bus resource [bus 00-ff]
Oct  2 23:42:57 yeshua-os kernel: [    4.502450] pci 0000:00:00.0: [8086:1237] type 00 class 0x060000
Oct  2 23:42:57 yeshua-os kernel: [    4.503161] pci 0000:00:01.0: [8086:7000] type 00 class 0x060100
Oct  2 23:42:57 yeshua-os kernel: [    4.504123] pci 0000:00:01.1: [8086:7010] type 00 class 0x010180
Oct  2 23:42:57 yeshua-os kernel: [    4.506996] pci 0000:00:01.1: reg 0x20: [io  0xc100-0xc10f]
Oct  2 23:42:57 yeshua-os kernel: [    4.508312] pci 0000:00:01.1: legacy IDE quirk: reg 0x10: [io  0x01f0-0x01f7]
Oct  2 23:42:57 yeshua-os kernel: [    4.508483] pci 0000:00:01.1: legacy IDE quirk: reg 0x14: [io  0x03f6]
Oct  2 23:42:57 yeshua-os kernel: [    4.508819] pci 0000:00:01.1: legacy IDE quirk: reg 0x18: [io  0x0170-0x0177]
Oct  2 23:42:57 yeshua-os kernel: [    4.509163] pci 0000:00:01.1: legacy IDE quirk: reg 0x1c: [io  0x0376]
Oct  2 23:42:57 yeshua-os kernel: [    4.509708] pci 0000:00:01.3: [8086:7113] type 00 class 0x068000
Oct  2 23:42:57 yeshua-os kernel: [    4.510688] pci 0000:00:01.3: quirk: [io  0x0600-0x063f] claimed by PIIX4 ACPI
Oct  2 23:42:57 yeshua-os kernel: [    4.511115] pci 0000:00:01.3: quirk: [io  0x0700-0x070f] claimed by PIIX4 SMB
Oct  2 23:42:57 yeshua-os kernel: [    4.511728] pci 0000:00:02.0: [1234:1111] type 00 class 0x030000
Oct  2 23:42:57 yeshua-os kernel: [    4.513296] pci 0000:00:02.0: reg 0x10: [mem 0xfd000000-0xfdffffff pref]
Oct  2 23:42:57 yeshua-os kernel: [    4.517492] pci 0000:00:02.0: reg 0x18: [mem 0xfebd0000-0xfebd0fff]
Oct  2 23:42:57 yeshua-os kernel: [    4.525494] pci 0000:00:02.0: reg 0x30: [mem 0xfebc0000-0xfebcffff pref]
Oct  2 23:42:57 yeshua-os kernel: [    4.526326] pci 0000:00:03.0: [10ec:8139] type 00 class 0x020000
Oct  2 23:42:57 yeshua-os kernel: [    4.527484] pci 0000:00:03.0: reg 0x10: [io  0xc000-0xc0ff]
Oct  2 23:42:57 yeshua-os kernel: [    4.528483] pci 0000:00:03.0: reg 0x14: [mem 0xfebd1000-0xfebd10ff]
Oct  2 23:42:57 yeshua-os kernel: [    4.534142] pci 0000:00:03.0: reg 0x30: [mem 0xfeb80000-0xfebbffff pref]
Oct  2 23:42:57 yeshua-os kernel: [    4.535371] ACPI: PCI: Interrupt link LNKA configured for IRQ 10
Oct  2 23:42:57 yeshua-os kernel: [    4.535620] ACPI: PCI: Interrupt link LNKB configured for IRQ 10
Oct  2 23:42:57 yeshua-os kernel: [    4.536070] ACPI: PCI: Interrupt link LNKC configured for IRQ 11
Oct  2 23:42:57 yeshua-os kernel: [    4.536521] ACPI: PCI: Interrupt link LNKD configured for IRQ 11
Oct  2 23:42:57 yeshua-os kernel: [    4.536922] ACPI: PCI: Interrupt link LNKS configured for IRQ 9
Oct  2 23:42:57 yeshua-os kernel: [    4.540349] iommu: Default domain type: Translated 
Oct  2 23:42:57 yeshua-os kernel: [    4.540483] iommu: DMA domain TLB invalidation policy: lazy mode 
Oct  2 23:42:57 yeshua-os kernel: [    4.540892] pci 0000:00:02.0: vgaarb: setting as boot VGA device
Oct  2 23:42:57 yeshua-os kernel: [    4.540892] pci 0000:00:02.0: vgaarb: VGA device added: decodes=io+mem,owns=io+mem,locks=none
Oct  2 23:42:57 yeshua-os kernel: [    4.541502] pci 0000:00:02.0: vgaarb: bridge control possible
Oct  2 23:42:57 yeshua-os kernel: [    4.541844] vgaarb: loaded
Oct  2 23:42:57 yeshua-os kernel: [    4.542255] SCSI subsystem initialized
Oct  2 23:42:57 yeshua-os kernel: [    4.542645] libata version 3.00 loaded.
Oct  2 23:42:57 yeshua-os kernel: [    4.542645] ACPI: bus type USB registered
Oct  2 23:42:57 yeshua-os kernel: [    4.542909] usbcore: registered new interface driver usbfs
Oct  2 23:42:57 yeshua-os kernel: [    4.543272] usbcore: registered new interface driver hub
Oct  2 23:42:57 yeshua-os kernel: [    4.543546] usbcore: registered new device driver usb
Oct  2 23:42:57 yeshua-os kernel: [    4.543892] pps_core: LinuxPPS API ver. 1 registered
Oct  2 23:42:57 yeshua-os kernel: [    4.544228] pps_core: Software ver. 5.3.6 - Copyright 2005-2007 Rodolfo Giometti <giometti@linux.it>
Oct  2 23:42:57 yeshua-os kernel: [    4.544488] PTP clock support registered
Oct  2 23:42:57 yeshua-os kernel: [    4.544935] Advanced Linux Sound Architecture Driver Initialized.
Oct  2 23:42:57 yeshua-os kernel: [    4.545728] NetLabel: Initializing
Oct  2 23:42:57 yeshua-os kernel: [    4.546040] NetLabel:  domain hash size = 128
Oct  2 23:42:57 yeshua-os kernel: [    4.546351] NetLabel:  protocols = UNLABELED CIPSOv4 CALIPSO
Oct  2 23:42:57 yeshua-os kernel: [    4.546503] NetLabel:  unlabeled traffic allowed by default
Oct  2 23:42:57 yeshua-os kernel: [    4.546893] PCI: Using ACPI for IRQ routing
Oct  2 23:42:57 yeshua-os kernel: [    4.546893] PCI: pci_cache_line_size set to 64 bytes
Oct  2 23:42:57 yeshua-os kernel: [    4.546919] e820: reserve RAM buffer [mem 0x0009fc00-0x0009ffff]
Oct  2 23:42:57 yeshua-os kernel: [    4.546922] e820: reserve RAM buffer [mem 0xbffde000-0xbfffffff]
Oct  2 23:42:57 yeshua-os kernel: [    4.546923] e820: reserve RAM buffer [mem 0x18aa000000-0x18abffffff]
Oct  2 23:42:57 yeshua-os kernel: [    4.546974] hpet0: at MMIO 0xfed00000, IRQs 2, 8, 0
Oct  2 23:42:57 yeshua-os kernel: [    4.547485] hpet0: 3 comparators, 64-bit 100.000000 MHz counter
Oct  2 23:42:57 yeshua-os kernel: [    4.566898] clocksource: Switched to clocksource hpet
Oct  2 23:42:57 yeshua-os kernel: [    4.576399] VFS: Disk quotas dquot_6.6.0
Oct  2 23:42:57 yeshua-os kernel: [    4.657991] VFS: Dquot-cache hash table entries: 512 (order 0, 4096 bytes)
Oct  2 23:42:57 yeshua-os kernel: [    4.658832] pnp: PnP ACPI init
Oct  2 23:42:57 yeshua-os kernel: [    4.659293] pnp 00:03: [dma 2]
Oct  2 23:42:57 yeshua-os kernel: [    4.659632] pnp: PnP ACPI: found 6 devices
Oct  2 23:42:57 yeshua-os kernel: [    4.672337] clocksource: acpi_pm: mask: 0xffffff max_cycles: 0xffffff, max_idle_ns: 2085701024 ns
Oct  2 23:42:57 yeshua-os kernel: [    4.672933] NET: Registered PF_INET protocol family
Oct  2 23:42:57 yeshua-os kernel: [    4.673728] IP idents hash table entries: 262144 (order: 9, 2097152 bytes, linear)
Oct  2 23:42:57 yeshua-os kernel: [    4.676614] tcp_listen_portaddr_hash hash table entries: 65536 (order: 8, 1048576 bytes, linear)
Oct  2 23:42:57 yeshua-os kernel: [    4.677222] TCP established hash table entries: 524288 (order: 10, 4194304 bytes, linear)
Oct  2 23:42:57 yeshua-os kernel: [    4.678914] TCP bind hash table entries: 65536 (order: 8, 1048576 bytes, linear)
Oct  2 23:42:57 yeshua-os kernel: [    4.679740] TCP: Hash tables configured (established 524288 bind 65536)
Oct  2 23:42:57 yeshua-os kernel: [    4.680197] UDP hash table entries: 65536 (order: 9, 2097152 bytes, linear)
Oct  2 23:42:57 yeshua-os kernel: [    4.681110] UDP-Lite hash table entries: 65536 (order: 9, 2097152 bytes, linear)
Oct  2 23:42:57 yeshua-os kernel: [    4.682314] NET: Registered PF_UNIX/PF_LOCAL protocol family
Oct  2 23:42:57 yeshua-os kernel: [    4.683701] RPC: Registered named UNIX socket transport module.
Oct  2 23:42:57 yeshua-os kernel: [    4.684035] RPC: Registered udp transport module.
Oct  2 23:42:57 yeshua-os kernel: [    4.684338] RPC: Registered tcp transport module.
Oct  2 23:42:57 yeshua-os kernel: [    4.684676] RPC: Registered tcp NFSv4.1 backchannel transport module.
Oct  2 23:42:57 yeshua-os kernel: [    4.685647] pci_bus 0000:00: resource 4 [io  0x0000-0x0cf7 window]
Oct  2 23:42:57 yeshua-os kernel: [    4.685981] pci_bus 0000:00: resource 5 [io  0x0d00-0xffff window]
Oct  2 23:42:57 yeshua-os kernel: [    4.686307] pci_bus 0000:00: resource 6 [mem 0x000a0000-0x000bffff window]
Oct  2 23:42:57 yeshua-os kernel: [    4.686674] pci_bus 0000:00: resource 7 [mem 0xc0000000-0xfebfffff window]
Oct  2 23:42:57 yeshua-os kernel: [    4.687026] pci_bus 0000:00: resource 8 [mem 0x18c0000000-0x193fffffff window]
Oct  2 23:42:57 yeshua-os kernel: [    4.687541] pci 0000:00:01.0: PIIX3: Enabling Passive Release
Oct  2 23:42:57 yeshua-os kernel: [    4.687881] pci 0000:00:00.0: Limiting direct PCI/PCI transfers
Oct  2 23:42:57 yeshua-os kernel: [    4.688223] pci 0000:00:01.0: Activating ISA DMA hang workarounds
Oct  2 23:42:57 yeshua-os kernel: [    4.688651] pci 0000:00:02.0: Video device with shadowed ROM at [mem 0x000c0000-0x000dffff]
Oct  2 23:42:57 yeshua-os kernel: [    4.689125] PCI: CLS 0 bytes, default 64
Oct  2 23:42:57 yeshua-os kernel: [    4.689434] PCI-DMA: Using software bounce buffering for IO (SWIOTLB)
Oct  2 23:42:57 yeshua-os kernel: [    4.689827] software IO TLB: mapped [mem 0x00000000bbfde000-0x00000000bffde000] (64MB)
Oct  2 23:42:57 yeshua-os kernel: [    4.740273] Initialise system trusted keyrings
Oct  2 23:42:57 yeshua-os kernel: [    4.740942] workingset: timestamp_bits=56 max_order=25 bucket_order=0
Oct  2 23:42:57 yeshua-os kernel: [    4.742992] NFS: Registering the id_resolver key type
Oct  2 23:42:57 yeshua-os kernel: [    4.743313] Key type id_resolver registered
Oct  2 23:42:57 yeshua-os kernel: [    4.743652] Key type id_legacy registered
Oct  2 23:42:57 yeshua-os kernel: [    4.759402] Key type asymmetric registered
Oct  2 23:42:57 yeshua-os kernel: [    4.759735] Asymmetric key parser 'x509' registered
Oct  2 23:42:57 yeshua-os kernel: [    4.760067] Block layer SCSI generic (bsg) driver version 0.4 loaded (major 251)
Oct  2 23:42:57 yeshua-os kernel: [    4.760531] io scheduler mq-deadline registered
Oct  2 23:42:57 yeshua-os kernel: [    4.760828] io scheduler kyber registered
Oct  2 23:42:57 yeshua-os kernel: [    4.770680] input: Power Button as /devices/LNXSYSTM:00/LNXPWRBN:00/input/input0
Oct  2 23:42:57 yeshua-os kernel: [    4.771214] ACPI: button: Power Button [PWRF]
Oct  2 23:42:57 yeshua-os kernel: [    4.773834] Serial: 8250/16550 driver, 4 ports, IRQ sharing enabled
Oct  2 23:42:57 yeshua-os kernel: [    4.774335] 00:05: ttyS0 at I/O 0x3f8 (irq = 4, base_baud = 115200) is a 16550A
Oct  2 23:42:57 yeshua-os kernel: [    4.775756] Non-volatile memory driver v1.3
Oct  2 23:42:57 yeshua-os kernel: [    4.776162] Linux agpgart interface v0.103
Oct  2 23:42:57 yeshua-os kernel: [    4.798325] loop: module loaded
Oct  2 23:42:57 yeshua-os kernel: [    4.798761] ata_piix 0000:00:01.1: version 2.13
Oct  2 23:42:57 yeshua-os kernel: [    4.799797] scsi host0: ata_piix
Oct  2 23:42:57 yeshua-os kernel: [    4.800720] scsi host1: ata_piix
Oct  2 23:42:57 yeshua-os kernel: [    4.801048] ata1: PATA max MWDMA2 cmd 0x1f0 ctl 0x3f6 bmdma 0xc100 irq 14
Oct  2 23:42:57 yeshua-os kernel: [    4.801391] ata2: PATA max MWDMA2 cmd 0x170 ctl 0x376 bmdma 0xc108 irq 15
Oct  2 23:42:57 yeshua-os kernel: [    4.801903] libphy: Fixed MDIO Bus: probed
Oct  2 23:42:57 yeshua-os kernel: [    4.802320] e100: Intel(R) PRO/100 Network Driver
Oct  2 23:42:57 yeshua-os kernel: [    4.802741] e100: Copyright(c) 1999-2006 Intel Corporation
Oct  2 23:42:57 yeshua-os kernel: [    4.803074] e1000: Intel(R) PRO/1000 Network Driver
Oct  2 23:42:57 yeshua-os kernel: [    4.803381] e1000: Copyright (c) 1999-2006 Intel Corporation.
Oct  2 23:42:57 yeshua-os kernel: [    4.803744] e1000e: Intel(R) PRO/1000 Network Driver
Oct  2 23:42:57 yeshua-os kernel: [    4.804048] e1000e: Copyright(c) 1999 - 2015 Intel Corporation.
Oct  2 23:42:57 yeshua-os kernel: [    4.804379] sky2: driver version 1.30
Oct  2 23:42:57 yeshua-os kernel: [    4.804712] 8139too: 8139too Fast Ethernet driver 0.9.28
Oct  2 23:42:57 yeshua-os kernel: [    4.805031] 8139too 0000:00:03.0: This (id 10ec:8139 rev 20) is an enhanced 8139C+ chip, use 8139cp
Oct  2 23:42:57 yeshua-os kernel: [    4.805743] ehci_hcd: USB 2.0 'Enhanced' Host Controller (EHCI) Driver
Oct  2 23:42:57 yeshua-os kernel: [    4.806080] ehci-pci: EHCI PCI platform driver
Oct  2 23:42:57 yeshua-os kernel: [    4.806380] ohci_hcd: USB 1.1 'Open' Host Controller (OHCI) Driver
Oct  2 23:42:57 yeshua-os kernel: [    4.806749] ohci-pci: OHCI PCI platform driver
Oct  2 23:42:57 yeshua-os kernel: [    4.807065] uhci_hcd: USB Universal Host Controller Interface driver
Oct  2 23:42:57 yeshua-os kernel: [    4.807424] usbcore: registered new interface driver usblp
Oct  2 23:42:57 yeshua-os kernel: [    4.807782] usbcore: registered new interface driver usb-storage
Oct  2 23:42:57 yeshua-os kernel: [    4.808139] i8042: PNP: PS/2 Controller [PNP0303:KBD,PNP0f13:MOU] at 0x60,0x64 irq 1,12
Oct  2 23:42:57 yeshua-os kernel: [    4.809469] serio: i8042 KBD port at 0x60,0x64 irq 1
Oct  2 23:42:57 yeshua-os kernel: [    4.809820] serio: i8042 AUX port at 0x60,0x64 irq 12
Oct  2 23:42:57 yeshua-os kernel: [    4.810851] rtc_cmos 00:00: RTC can wake from S4
Oct  2 23:42:57 yeshua-os kernel: [    4.812092] input: AT Translated Set 2 keyboard as /devices/platform/i8042/serio0/input/input1
Oct  2 23:42:57 yeshua-os kernel: [    4.812823] rtc_cmos 00:00: registered as rtc0
Oct  2 23:42:57 yeshua-os kernel: [    4.813316] rtc_cmos 00:00: alarms up to one day, y3k, 114 bytes nvram, hpet irqs
Oct  2 23:42:57 yeshua-os kernel: [    4.814051] device-mapper: ioctl: 4.45.0-ioctl (2021-03-22) initialised: dm-devel@redhat.com
Oct  2 23:42:57 yeshua-os kernel: [    4.814620] hid: raw HID events driver (C) Jiri Kosina
Oct  2 23:42:57 yeshua-os kernel: [    4.815278] usbcore: registered new interface driver usbhid
Oct  2 23:42:57 yeshua-os kernel: [    4.815692] usbhid: USB HID core driver
Oct  2 23:42:57 yeshua-os kernel: [    4.820692] Initializing XFRM netlink socket
Oct  2 23:42:57 yeshua-os kernel: [    4.821317] NET: Registered PF_INET6 protocol family
Oct  2 23:42:57 yeshua-os kernel: [    4.823171] Segment Routing with IPv6
Oct  2 23:42:57 yeshua-os kernel: [    4.823555] In-situ OAM (IOAM) with IPv6
Oct  2 23:42:57 yeshua-os kernel: [    4.823932] sit: IPv6, IPv4 and MPLS over IPv4 tunneling driver
Oct  2 23:42:57 yeshua-os kernel: [    4.824452] NET: Registered PF_PACKET protocol family
Oct  2 23:42:57 yeshua-os kernel: [    4.824838] Key type dns_resolver registered
Oct  2 23:42:57 yeshua-os kernel: [    4.837773] IPI shorthand broadcast: enabled
Oct  2 23:42:57 yeshua-os kernel: [    4.838287] registered taskstats version 1
Oct  2 23:42:57 yeshua-os kernel: [    4.838619] Loading compiled-in X.509 certificates
Oct  2 23:42:57 yeshua-os kernel: [    4.839704] PM:   Jesus number: 9:88:752
Oct  2 23:42:57 yeshua-os kernel: [    4.840053] tty ttyS3: hash matches
Oct  2 23:42:57 yeshua-os kernel: [    4.840470] printk: console [netcon0] enabled
Oct  2 23:42:57 yeshua-os kernel: [    4.840804] netconsole: network logging started
Oct  2 23:42:57 yeshua-os kernel: [    4.842459] cfg80211: Loading compiled-in X.509 certificates for regulatory database
Oct  2 23:42:57 yeshua-os kernel: [    4.843265] kworker/u128:2 (383) used greatest stack depth: 14296 bytes left
Oct  2 23:42:57 yeshua-os kernel: [    4.844613] cfg80211: Loaded X.509 cert 'sforshee: 00b28ddf47aef9cea7'
Oct  2 23:42:57 yeshua-os kernel: [    4.845009] platform regulatory.0: Direct firmware load for regulatory.db failed with error -2
Oct  2 23:42:57 yeshua-os kernel: [    4.845473] cfg80211: failed to load regulatory.db
Oct  2 23:42:57 yeshua-os kernel: [    4.845837] Unstable clock detected, switching default tracing clock to "global"
Oct  2 23:42:57 yeshua-os kernel: [    4.845837] If you want to keep using the local clock, then add:
Oct  2 23:42:57 yeshua-os kernel: [    4.845837]   "trace_clock=local"
Oct  2 23:42:57 yeshua-os kernel: [    4.845837] on the kernel command line
Oct  2 23:42:57 yeshua-os kernel: [    4.847062] ALSA device list:
Oct  2 23:42:57 yeshua-os kernel: [    4.847341]   No soundcards found.
Oct  2 23:42:57 yeshua-os kernel: [    4.957402] ata1.01: NODEV after polling detection
Oct  2 23:42:57 yeshua-os kernel: [    4.957769] ata2.01: NODEV after polling detection
Oct  2 23:42:57 yeshua-os kernel: [    4.957935] ata1.00: ATA-7: QEMU HARDDISK, 2.5+, max UDMA/100
Oct  2 23:42:57 yeshua-os kernel: [    4.958290] ata1.00: 20971520 sectors, multi 16: LBA48 
Oct  2 23:42:57 yeshua-os kernel: [    4.958796] ata2.00: ATAPI: QEMU DVD-ROM, 2.5+, max UDMA/100
Oct  2 23:42:57 yeshua-os kernel: [    4.960346] scsi 0:0:0:0: Direct-Access     ATA      QEMU HARDDISK    2.5+ PQ: 0 ANSI: 5
Oct  2 23:42:57 yeshua-os kernel: [    4.961234] sd 0:0:0:0: Attached scsi generic sg0 type 0
Oct  2 23:42:57 yeshua-os kernel: [    4.961354] sd 0:0:0:0: [sda] 20971520 512-byte logical blocks: (10.7 GB/10.0 GiB)
Oct  2 23:42:57 yeshua-os kernel: [    4.962176] sd 0:0:0:0: [sda] Write Protect is off
Oct  2 23:42:57 yeshua-os kernel: [    4.962521] sd 0:0:0:0: [sda] Mode Sense: 00 3a 00 00
Oct  2 23:42:57 yeshua-os kernel: [    4.962551] sd 0:0:0:0: [sda] Write cache: enabled, read cache: enabled, doesn't support DPO or FUA
Oct  2 23:42:57 yeshua-os kernel: [    4.962972] scsi 1:0:0:0: CD-ROM            QEMU     QEMU DVD-ROM     2.5+ PQ: 0 ANSI: 5
Oct  2 23:42:57 yeshua-os kernel: [    4.969248]  sda: sda1 sda2
Oct  2 23:42:57 yeshua-os kernel: [    4.970152] sd 0:0:0:0: [sda] Attached SCSI disk
Oct  2 23:42:57 yeshua-os kernel: [    4.982430] sr 1:0:0:0: [sr0] scsi3-mmc drive: 4x/4x cd/rw xa/form2 tray
Oct  2 23:42:57 yeshua-os kernel: [    4.982821] cdrom: Uniform CD-ROM driver Revision: 3.20
Oct  2 23:42:57 yeshua-os kernel: [    5.001423] sr 1:0:0:0: Attached scsi CD-ROM sr0
Oct  2 23:42:57 yeshua-os kernel: [    5.001667] sr 1:0:0:0: Attached scsi generic sg1 type 5
Oct  2 23:42:57 yeshua-os kernel: [    5.447339] input: ImExPS/2 Generic Explorer Mouse as /devices/platform/i8042/serio1/input/input3
Oct  2 23:42:57 yeshua-os kernel: [    5.448200] md: Waiting for all devices to be available before autodetect
Oct  2 23:42:57 yeshua-os kernel: [    5.448587] md: If you don't use raid, use raid=noautodetect
Oct  2 23:42:57 yeshua-os kernel: [    5.448916] md: Autodetecting RAID arrays.
Oct  2 23:42:57 yeshua-os kernel: [    5.449211] md: autorun ...
Oct  2 23:42:57 yeshua-os kernel: [    5.449478] md: ... autorun DONE.
Oct  2 23:42:57 yeshua-os kernel: [    5.454090] EXT4-fs (sda2): INFO: recovery required on readonly filesystem
Oct  2 23:42:57 yeshua-os kernel: [    5.454442] EXT4-fs (sda2): write access will be enabled during recovery
Oct  2 23:42:57 yeshua-os kernel: [    5.466881] EXT4-fs (sda2): recovery complete
Oct  2 23:42:57 yeshua-os kernel: [    5.468412] EXT4-fs (sda2): mounted filesystem with ordered data mode. Opts: (null). Quota mode: none.
Oct  2 23:42:57 yeshua-os kernel: [    5.468932] VFS: Mounted root (ext4 filesystem) readonly on device 8:2.
Oct  2 23:42:57 yeshua-os kernel: [    5.471219] devtmpfs: mounted
Oct  2 23:42:57 yeshua-os kernel: [    5.473221] Freeing unused kernel image (initmem) memory: 1352K
Oct  2 23:42:57 yeshua-os kernel: [    5.473593] Write protecting the kernel read-only data: 20480k
Oct  2 23:42:57 yeshua-os kernel: [    5.476430] Freeing unused kernel image (text/rodata gap) memory: 2032K
Oct  2 23:42:57 yeshua-os kernel: [    5.478173] Freeing unused kernel image (rodata/data gap) memory: 508K
Oct  2 23:42:57 yeshua-os kernel: [    5.478580] Run /sbin/init as init process
Oct  2 23:42:57 yeshua-os kernel: [    5.478889]   with arguments:
Oct  2 23:42:57 yeshua-os kernel: [    5.478890]     /sbin/init
Oct  2 23:42:57 yeshua-os kernel: [    5.478891]   with environment:
Oct  2 23:42:57 yeshua-os kernel: [    5.478891]     HOME=/
Oct  2 23:42:57 yeshua-os kernel: [    5.478892]     TERM=linux
Oct  2 23:42:57 yeshua-os kernel: [    5.478892]     BOOT_IMAGE=/boot/yeshuaos-001
Oct  2 23:42:57 yeshua-os kernel: [    5.561934] stty (403) used greatest stack depth: 13624 bytes left
Oct  2 23:42:57 yeshua-os kernel: [    5.573024] dmesg (405) used greatest stack depth: 13208 bytes left
Oct  2 23:42:57 yeshua-os kernel: [    5.597012] random: fast init done
Oct  2 23:42:57 yeshua-os kernel: [    5.642030] date (428) used greatest stack depth: 13192 bytes left
Oct  2 23:42:57 yeshua-os kernel: [    5.723905] ip (476) used greatest stack depth: 12320 bytes left
Oct  2 23:42:57 yeshua-os kernel: <30>[    5.770420] udevd[507]: starting version 3.2.10
Oct  2 23:42:57 yeshua-os kernel: [    5.780409] random: udevd: uninitialized urandom read (16 bytes read)
Oct  2 23:42:57 yeshua-os kernel: [    5.781312] random: udevd: uninitialized urandom read (16 bytes read)
Oct  2 23:42:57 yeshua-os kernel: [    5.782229] random: udevd: uninitialized urandom read (16 bytes read)
Oct  2 23:42:57 yeshua-os kernel: <30>[    5.796850] udevd[509]: starting eudev-3.2.10
Oct  2 23:42:57 yeshua-os kernel: [    6.299170] EXT4-fs (sda2): re-mounted. Opts: (null). Quota mode: none.
Oct  2 23:42:57 yeshua-os kernel: [    6.347128] EXT4-fs (sda2): re-mounted. Opts: (null). Quota mode: none.
Oct  2 23:42:57 yeshua-os kernel: [    7.321279] random: crng init done
Oct  2 23:42:57 yeshua-os kernel: [    7.321644] random: 7 urandom warning(s) missed due to ratelimiting
Oct  2 23:45:12 yeshua-os syslogd 1.5.1: restart.
Oct  2 23:45:12 yeshua-os kernel: klogd 1.5.1, log source = /proc/kmsg started.
Oct  2 23:45:12 yeshua-os kernel: Cannot find map file.
Oct  2 23:45:12 yeshua-os kernel: Loaded 56235 symbols from 1 module.
Oct  2 23:45:12 yeshua-os kernel: [    0.000000] Linux version 5.15.0-rc3 (root@jesus-christ-ubuntu-installer) (gcc (GCC) 11.2.0, GNU ld (GNU Binutils) 2.37) #1 SMP Sat Oct 2 22:43:32 CEST 2021
Oct  2 23:45:12 yeshua-os kernel: [    0.000000] Command line: BOOT_IMAGE=/boot/yeshuaos-001 root=/dev/sda2 ro
Oct  2 23:45:12 yeshua-os kernel: [    0.000000] x86/fpu: Supporting XSAVE feature 0x001: 'x87 floating point registers'
Oct  2 23:45:12 yeshua-os kernel: [    0.000000] x86/fpu: Supporting XSAVE feature 0x002: 'SSE registers'
Oct  2 23:45:12 yeshua-os kernel: [    0.000000] x86/fpu: Supporting XSAVE feature 0x004: 'AVX registers'
Oct  2 23:45:12 yeshua-os kernel: [    0.000000] x86/fpu: xstate_offset[2]:  576, xstate_sizes[2]:  256
Oct  2 23:45:12 yeshua-os kernel: [    0.000000] x86/fpu: Enabled xstate features 0x7, context size is 832 bytes, using 'standard' format.
Oct  2 23:45:12 yeshua-os kernel: [    0.000000] signal: max sigframe size: 1776
Oct  2 23:45:12 yeshua-os kernel: [    0.000000] BIOS-provided physical RAM map:
Oct  2 23:45:12 yeshua-os kernel: [    0.000000] BIOS-e820: [mem 0x0000000000000000-0x000000000009fbff] usable
Oct  2 23:45:12 yeshua-os kernel: [    0.000000] BIOS-e820: [mem 0x000000000009fc00-0x000000000009ffff] reserved
Oct  2 23:45:12 yeshua-os kernel: [    0.000000] BIOS-e820: [mem 0x00000000000f0000-0x00000000000fffff] reserved
Oct  2 23:45:12 yeshua-os kernel: [    0.000000] BIOS-e820: [mem 0x0000000000100000-0x00000000bffddfff] usable
Oct  2 23:45:12 yeshua-os kernel: [    0.000000] BIOS-e820: [mem 0x00000000bffde000-0x00000000bfffffff] reserved
Oct  2 23:45:12 yeshua-os kernel: [    0.000000] BIOS-e820: [mem 0x00000000feffc000-0x00000000feffffff] reserved
Oct  2 23:45:12 yeshua-os kernel: [    0.000000] BIOS-e820: [mem 0x00000000fffc0000-0x00000000ffffffff] reserved
Oct  2 23:45:12 yeshua-os kernel: [    0.000000] BIOS-e820: [mem 0x0000000100000000-0x00000018a9ffffff] usable
Oct  2 23:45:12 yeshua-os kernel: [    0.000000] NX (Execute Disable) protection: active
Oct  2 23:45:12 yeshua-os kernel: [    0.000000] SMBIOS 2.8 present.
Oct  2 23:45:12 yeshua-os kernel: [    0.000000] DMI: QEMU Standard PC (i440FX + PIIX, 1996), BIOS 1.12.0-1 04/01/2014
Oct  2 23:45:12 yeshua-os kernel: [    0.000000] tsc: Fast TSC calibration using PIT
Oct  2 23:45:12 yeshua-os kernel: [    0.000000] tsc: Detected 2195.754 MHz processor
Oct  2 23:45:12 yeshua-os kernel: [    0.000597] e820: update [mem 0x00000000-0x00000fff] usable ==> reserved
Oct  2 23:45:12 yeshua-os kernel: [    0.000599] e820: remove [mem 0x000a0000-0x000fffff] usable
Oct  2 23:45:12 yeshua-os kernel: [    0.000603] last_pfn = 0x18aa000 max_arch_pfn = 0x400000000
Oct  2 23:45:12 yeshua-os kernel: [    0.000648] x86/PAT: Configuration [0-7]: WB  WC  UC- UC  WB  WP  UC- WT  
Oct  2 23:45:12 yeshua-os kernel: [    0.000657] last_pfn = 0xbffde max_arch_pfn = 0x400000000
Oct  2 23:45:12 yeshua-os kernel: [    0.005159] Using GB pages for direct mapping
Oct  2 23:45:12 yeshua-os kernel: [    0.005361] ACPI: Early table checksum verification disabled
Oct  2 23:45:12 yeshua-os kernel: [    0.005364] ACPI: RSDP 0x00000000000F5B30 000014 (v00 BOCHS )
Oct  2 23:45:12 yeshua-os kernel: [    0.005368] ACPI: RSDT 0x00000000BFFE18D0 000030 (v01 BOCHS  BXPCRSDT 00000001 BXPC 00000001)
Oct  2 23:45:12 yeshua-os kernel: [    0.005374] ACPI: FACP 0x00000000BFFE15B4 000074 (v01 BOCHS  BXPCFACP 00000001 BXPC 00000001)
Oct  2 23:45:12 yeshua-os kernel: [    0.005378] ACPI: DSDT 0x00000000BFFDEC80 002934 (v01 BOCHS  BXPCDSDT 00000001 BXPC 00000001)
Oct  2 23:45:12 yeshua-os kernel: [    0.005382] ACPI: FACS 0x00000000BFFDEC40 000040
Oct  2 23:45:12 yeshua-os kernel: [    0.005385] ACPI: APIC 0x00000000BFFE1628 000270 (v01 BOCHS  BXPCAPIC 00000001 BXPC 00000001)
Oct  2 23:45:12 yeshua-os kernel: [    0.005388] ACPI: HPET 0x00000000BFFE1898 000038 (v01 BOCHS  BXPCHPET 00000001 BXPC 00000001)
Oct  2 23:45:12 yeshua-os kernel: [    0.005391] ACPI: Reserving FACP table memory at [mem 0xbffe15b4-0xbffe1627]
Oct  2 23:45:12 yeshua-os kernel: [    0.005393] ACPI: Reserving DSDT table memory at [mem 0xbffdec80-0xbffe15b3]
Oct  2 23:45:12 yeshua-os kernel: [    0.005395] ACPI: Reserving FACS table memory at [mem 0xbffdec40-0xbffdec7f]
Oct  2 23:45:12 yeshua-os kernel: [    0.005396] ACPI: Reserving APIC table memory at [mem 0xbffe1628-0xbffe1897]
Oct  2 23:45:12 yeshua-os kernel: [    0.005397] ACPI: Reserving HPET table memory at [mem 0xbffe1898-0xbffe18cf]
Oct  2 23:45:12 yeshua-os kernel: [    0.005716] No NUMA configuration found
Oct  2 23:45:12 yeshua-os kernel: [    0.005719] Faking a node at [mem 0x0000000000000000-0x00000018a9ffffff]
Oct  2 23:45:12 yeshua-os kernel: [    0.005722] NODE_DATA(0) allocated [mem 0x18a9ffc000-0x18a9ffffff]
Oct  2 23:45:12 yeshua-os kernel: [    0.006047] Zone ranges:
Oct  2 23:45:12 yeshua-os kernel: [    0.006049]   DMA      [mem 0x0000000000001000-0x0000000000ffffff]
Oct  2 23:45:12 yeshua-os kernel: [    0.006052]   DMA32    [mem 0x0000000001000000-0x00000000ffffffff]
Oct  2 23:45:12 yeshua-os kernel: [    0.006053]   Normal   [mem 0x0000000100000000-0x00000018a9ffffff]
Oct  2 23:45:12 yeshua-os kernel: [    0.006055] Movable zone start for each node
Oct  2 23:45:12 yeshua-os kernel: [    0.006056] Early memory node ranges
Oct  2 23:45:12 yeshua-os kernel: [    0.006057]   node   0: [mem 0x0000000000001000-0x000000000009efff]
Oct  2 23:45:12 yeshua-os kernel: [    0.006058]   node   0: [mem 0x0000000000100000-0x00000000bffddfff]
Oct  2 23:45:12 yeshua-os kernel: [    0.006060]   node   0: [mem 0x0000000100000000-0x00000018a9ffffff]
Oct  2 23:45:12 yeshua-os kernel: [    0.006067] Initmem setup node 0 [mem 0x0000000000001000-0x00000018a9ffffff]
Oct  2 23:45:12 yeshua-os kernel: [    0.006356] On node 0, zone DMA: 1 pages in unavailable ranges
Oct  2 23:45:12 yeshua-os kernel: [    0.006374] On node 0, zone DMA: 97 pages in unavailable ranges
Oct  2 23:45:12 yeshua-os kernel: [    0.313253] On node 0, zone Normal: 34 pages in unavailable ranges
Oct  2 23:45:12 yeshua-os kernel: [    0.313453] On node 0, zone Normal: 24576 pages in unavailable ranges
Oct  2 23:45:12 yeshua-os kernel: [    0.313938] ACPI: PM-Timer IO Port: 0x608
Oct  2 23:45:12 yeshua-os kernel: [    0.313950] ACPI: LAPIC_NMI (acpi_id[0xff] dfl dfl lint[0x1])
Oct  2 23:45:12 yeshua-os kernel: [    0.313988] IOAPIC[0]: apic_id 0, version 17, address 0xfec00000, GSI 0-23
Oct  2 23:45:12 yeshua-os kernel: [    0.313992] ACPI: INT_SRC_OVR (bus 0 bus_irq 0 global_irq 2 dfl dfl)
Oct  2 23:45:12 yeshua-os kernel: [    0.313994] ACPI: INT_SRC_OVR (bus 0 bus_irq 5 global_irq 5 high level)
Oct  2 23:45:12 yeshua-os kernel: [    0.313995] ACPI: INT_SRC_OVR (bus 0 bus_irq 9 global_irq 9 high level)
Oct  2 23:45:12 yeshua-os kernel: [    0.313997] ACPI: INT_SRC_OVR (bus 0 bus_irq 10 global_irq 10 high level)
Oct  2 23:45:12 yeshua-os kernel: [    0.313999] ACPI: INT_SRC_OVR (bus 0 bus_irq 11 global_irq 11 high level)
Oct  2 23:45:12 yeshua-os kernel: [    0.314002] ACPI: Using ACPI (MADT) for SMP configuration information
Oct  2 23:45:12 yeshua-os kernel: [    0.314003] ACPI: HPET id: 0x8086a201 base: 0xfed00000
Oct  2 23:45:12 yeshua-os kernel: [    0.314008] TSC deadline timer available
Oct  2 23:45:12 yeshua-os kernel: [    0.314012] smpboot: Allowing 64 CPUs, 0 hotplug CPUs
Oct  2 23:45:12 yeshua-os kernel: [    0.314023] PM: hibernation: Registered nosave memory: [mem 0x00000000-0x00000fff]
Oct  2 23:45:12 yeshua-os kernel: [    0.314026] PM: hibernation: Registered nosave memory: [mem 0x0009f000-0x0009ffff]
Oct  2 23:45:12 yeshua-os kernel: [    0.314027] PM: hibernation: Registered nosave memory: [mem 0x000a0000-0x000effff]
Oct  2 23:45:12 yeshua-os kernel: [    0.314028] PM: hibernation: Registered nosave memory: [mem 0x000f0000-0x000fffff]
Oct  2 23:45:12 yeshua-os kernel: [    0.314030] PM: hibernation: Registered nosave memory: [mem 0xbffde000-0xbfffffff]
Oct  2 23:45:12 yeshua-os kernel: [    0.314031] PM: hibernation: Registered nosave memory: [mem 0xc0000000-0xfeffbfff]
Oct  2 23:45:12 yeshua-os kernel: [    0.314032] PM: hibernation: Registered nosave memory: [mem 0xfeffc000-0xfeffffff]
Oct  2 23:45:12 yeshua-os kernel: [    0.314034] PM: hibernation: Registered nosave memory: [mem 0xff000000-0xfffbffff]
Oct  2 23:45:12 yeshua-os kernel: [    0.314035] PM: hibernation: Registered nosave memory: [mem 0xfffc0000-0xffffffff]
Oct  2 23:45:12 yeshua-os kernel: [    0.314036] [mem 0xc0000000-0xfeffbfff] available for PCI devices
Oct  2 23:45:12 yeshua-os kernel: [    0.314040] clocksource: refined-jiffies: mask: 0xffffffff max_cycles: 0xffffffff, max_idle_ns: 1910969940391419 ns
Oct  2 23:45:12 yeshua-os kernel: [    0.319541] setup_percpu: NR_CPUS:64 nr_cpumask_bits:64 nr_cpu_ids:64 nr_node_ids:1
Oct  2 23:45:12 yeshua-os kernel: [    0.323713] percpu: Embedded 48 pages/cpu s157976 r8192 d30440 u262144
Oct  2 23:45:12 yeshua-os kernel: [    0.323727] pcpu-alloc: s157976 r8192 d30440 u262144 alloc=1*2097152
Oct  2 23:45:12 yeshua-os kernel: [    0.323730] pcpu-alloc: [0] 00 01 02 03 04 05 06 07 [0] 08 09 10 11 12 13 14 15 
Oct  2 23:45:12 yeshua-os kernel: [    0.323738] pcpu-alloc: [0] 16 17 18 19 20 21 22 23 [0] 24 25 26 27 28 29 30 31 
Oct  2 23:45:12 yeshua-os kernel: [    0.323746] pcpu-alloc: [0] 32 33 34 35 36 37 38 39 [0] 40 41 42 43 44 45 46 47 
Oct  2 23:45:12 yeshua-os kernel: [    0.323754] pcpu-alloc: [0] 48 49 50 51 52 53 54 55 [0] 56 57 58 59 60 61 62 63 
Oct  2 23:45:12 yeshua-os kernel: [    0.323798] Built 1 zonelists, mobility grouping on.  Total pages: 25199710
Oct  2 23:45:12 yeshua-os kernel: [    0.323800] Policy zone: Normal
Oct  2 23:45:12 yeshua-os kernel: [    0.323802] Kernel command line: BOOT_IMAGE=/boot/yeshuaos-001 root=/dev/sda2 ro
Oct  2 23:45:12 yeshua-os kernel: [    0.323830] Unknown command line parameters: BOOT_IMAGE=/boot/yeshuaos-001
Oct  2 23:45:12 yeshua-os kernel: [    0.323831] printk: log_buf_len individual max cpu contribution: 4096 bytes
Oct  2 23:45:12 yeshua-os kernel: [    0.323832] printk: log_buf_len total cpu_extra contributions: 258048 bytes
Oct  2 23:45:12 yeshua-os kernel: [    0.323833] printk: log_buf_len min size: 262144 bytes
Oct  2 23:45:12 yeshua-os kernel: [    0.324522] printk: log_buf_len: 524288 bytes
Oct  2 23:45:12 yeshua-os kernel: [    0.324523] printk: early log buf free: 255632(97%)
Oct  2 23:45:12 yeshua-os kernel: [    0.336101] Dentry cache hash table entries: 8388608 (order: 14, 67108864 bytes, linear)
Oct  2 23:45:12 yeshua-os kernel: [    0.341514] Inode-cache hash table entries: 4194304 (order: 13, 33554432 bytes, linear)
Oct  2 23:45:12 yeshua-os kernel: [    0.341695] mem auto-init: stack:off, heap alloc:off, heap free:off
Oct  2 23:45:12 yeshua-os kernel: [    0.606379] Memory: 100586920K/102399472K available (14350K kernel code, 2582K rwdata, 3588K rodata, 1352K init, 1508K bss, 1812292K reserved, 0K cma-reserved)
Oct  2 23:45:12 yeshua-os kernel: [    0.606681] SLUB: HWalign=64, Order=0-3, MinObjects=0, CPUs=64, Nodes=1
Oct  2 23:45:12 yeshua-os kernel: [    0.607394] rcu: Hierarchical RCU implementation.
Oct  2 23:45:12 yeshua-os kernel: [    0.607395] rcu: ^IRCU event tracing is enabled.
Oct  2 23:45:12 yeshua-os kernel: [    0.607397] rcu: RCU calculated value of scheduler-enlistment delay is 100 jiffies.
Oct  2 23:45:12 yeshua-os kernel: [    0.608410] NR_IRQS: 4352, nr_irqs: 936, preallocated irqs: 16
Oct  2 23:45:12 yeshua-os kernel: [    0.608904] random: get_random_bytes called from start_kernel+0x491/0x65e with crng_init=0
Oct  2 23:45:12 yeshua-os kernel: [    0.618343] Console: colour VGA+ 80x25
Oct  2 23:45:12 yeshua-os kernel: [    0.653356] printk: console [tty0] enabled
Oct  2 23:45:12 yeshua-os kernel: [    0.653790] ACPI: Core revision 20210730
Oct  2 23:45:12 yeshua-os kernel: [    0.654277] clocksource: hpet: mask: 0xffffffff max_cycles: 0xffffffff, max_idle_ns: 19112604467 ns
Oct  2 23:45:12 yeshua-os kernel: [    0.654867] APIC: Switch to symmetric I/O mode setup
Oct  2 23:45:12 yeshua-os kernel: [    0.655191] Switched APIC routing to physical flat.
Oct  2 23:45:12 yeshua-os kernel: [    0.656536] ..TIMER: vector=0x30 apic1=0 pin1=2 apic2=-1 pin2=-1
Oct  2 23:45:12 yeshua-os kernel: [    0.661848] tsc: Marking TSC unstable due to TSCs unsynchronized
Oct  2 23:45:12 yeshua-os kernel: [    0.662187] Calibrating delay loop (skipped), value calculated using timer frequency.. 4391.50 BogoMIPS (lpj=2195754)
Oct  2 23:45:12 yeshua-os kernel: [    0.662667] pid_max: default: 65536 minimum: 512
Oct  2 23:45:12 yeshua-os kernel: [    0.663255] LSM: Security Framework initializing
Oct  2 23:45:12 yeshua-os kernel: [    0.663579] SELinux:  Initializing.
Oct  2 23:45:12 yeshua-os kernel: [    0.664235] Mount-cache hash table entries: 131072 (order: 8, 1048576 bytes, linear)
Oct  2 23:45:12 yeshua-os kernel: [    0.664723] Mountpoint-cache hash table entries: 131072 (order: 8, 1048576 bytes, linear)
Oct  2 23:45:12 yeshua-os kernel: [    0.665547] Last level iTLB entries: 4KB 512, 2MB 255, 4MB 127
Oct  2 23:45:12 yeshua-os kernel: [    0.665889] Last level dTLB entries: 4KB 512, 2MB 255, 4MB 127, 1GB 0
Oct  2 23:45:12 yeshua-os kernel: [    0.666187] Spectre V1 : Mitigation: usercopy/swapgs barriers and __user pointer sanitization
Oct  2 23:45:12 yeshua-os kernel: [    0.666640] Spectre V2 : Mitigation: Full AMD retpoline
Oct  2 23:45:12 yeshua-os kernel: [    0.666948] Spectre V2 : Spectre v2 / SpectreRSB mitigation: Filling RSB on context switch
Oct  2 23:45:12 yeshua-os kernel: [    0.667184] Spectre V2 : mitigation: Enabling conditional Indirect Branch Prediction Barrier
Oct  2 23:45:12 yeshua-os kernel: [    0.667634] Speculative Store Bypass: Mitigation: Speculative Store Bypass disabled via prctl and seccomp
Oct  2 23:45:12 yeshua-os kernel: [    0.670605] Freeing SMP alternatives memory: 44K
Oct  2 23:45:12 yeshua-os kernel: [    0.671054] smpboot: CPU0: AMD EPYC 7301 16-Core Processor (family: 0x17, model: 0x1, stepping: 0x2)
Oct  2 23:45:12 yeshua-os kernel: [    0.671182] Performance Events: Fam17h+ core perfctr, AMD PMU driver.
Oct  2 23:45:12 yeshua-os kernel: [    0.671182] ... version:                0
Oct  2 23:45:12 yeshua-os kernel: [    0.671185] ... bit width:              48
Oct  2 23:45:12 yeshua-os kernel: [    0.671476] ... generic registers:      6
Oct  2 23:45:12 yeshua-os kernel: [    0.671760] ... value mask:             0000ffffffffffff
Oct  2 23:45:12 yeshua-os kernel: [    0.672067] ... max period:             00007fffffffffff
Oct  2 23:45:12 yeshua-os kernel: [    0.672184] ... fixed-purpose events:   0
Oct  2 23:45:12 yeshua-os kernel: [    0.672474] ... event mask:             000000000000003f
Oct  2 23:45:12 yeshua-os kernel: [    0.672902] rcu: Hierarchical SRCU implementation.
Oct  2 23:45:12 yeshua-os kernel: [    0.673902] smp: Bringing up secondary CPUs ...
Oct  2 23:45:12 yeshua-os kernel: [    0.674257] x86: Booting SMP configuration:
Oct  2 23:45:12 yeshua-os kernel: [    0.674554] .... node  #0, CPUs:        #1  #2  #3  #4  #5  #6  #7  #8  #9 #10 #11 #12 #13 #14 #15 #16 #17 #18 #19 #20 #21 #22 #23 #24 #25 #26 #27 #28 #29 #30 #31 #32 #33 #34 #35 #36 #37 #38 #39 #40 #41 #42 #43 #44 #45 #46 #47 #48 #49 #50 #51 #52 #53 #54 #55 #56 #57 #58 #59 #60 #61 #62 #63
Oct  2 23:45:12 yeshua-os kernel: [    4.464736] smp: Brought up 1 node, 64 CPUs
Oct  2 23:45:12 yeshua-os kernel: [    4.465493] smpboot: Max logical packages: 64
Oct  2 23:45:12 yeshua-os kernel: [    4.465821] smpboot: Total of 64 processors activated (283058.77 BogoMIPS)
Oct  2 23:45:12 yeshua-os kernel: [    4.493187] devtmpfs: initialized
Oct  2 23:45:12 yeshua-os kernel: [    4.493684] clocksource: jiffies: mask: 0xffffffff max_cycles: 0xffffffff, max_idle_ns: 1911260446275000 ns
Oct  2 23:45:12 yeshua-os kernel: [    4.494190] futex hash table entries: 16384 (order: 8, 1048576 bytes, linear)
Oct  2 23:45:12 yeshua-os kernel: [    4.495485] PM: RTC time: 21:45:09, date: 2021-10-02
Oct  2 23:45:12 yeshua-os kernel: [    4.496906] NET: Registered PF_NETLINK/PF_ROUTE protocol family
Oct  2 23:45:12 yeshua-os kernel: [    4.497259] audit: initializing netlink subsys (disabled)
Oct  2 23:45:12 yeshua-os kernel: [    4.497637] audit: type=2000 audit(1633211108.841:1): state=initialized audit_enabled=0 res=1
Oct  2 23:45:12 yeshua-os kernel: [    4.497637] thermal_sys: Registered thermal governor 'step_wise'
Oct  2 23:45:12 yeshua-os kernel: [    4.498185] thermal_sys: Registered thermal governor 'user_space'
Oct  2 23:45:12 yeshua-os kernel: [    4.498565] cpuidle: using governor menu
Oct  2 23:45:12 yeshua-os kernel: [    4.502219] ACPI: bus type PCI registered
Oct  2 23:45:12 yeshua-os kernel: [    4.503333] PCI: Using configuration type 1 for base access
Oct  2 23:45:12 yeshua-os kernel: [    4.503663] PCI: Using configuration type 1 for extended access
Oct  2 23:45:12 yeshua-os kernel: [    4.507034] Kprobes globally optimized
Oct  2 23:45:12 yeshua-os kernel: [    4.507295] HugeTLB registered 2.00 MiB page size, pre-allocated 0 pages
Oct  2 23:45:12 yeshua-os kernel: [    4.508208] cryptomgr_test (337) used greatest stack depth: 15232 bytes left
Oct  2 23:45:12 yeshua-os kernel: [    4.512299] ACPI: Added _OSI(Module Device)
Oct  2 23:45:12 yeshua-os kernel: [    4.512624] ACPI: Added _OSI(Processor Device)
Oct  2 23:45:12 yeshua-os kernel: [    4.512937] ACPI: Added _OSI(3.0 _SCP Extensions)
Oct  2 23:45:12 yeshua-os kernel: [    4.513194] ACPI: Added _OSI(Processor Aggregator Device)
Oct  2 23:45:12 yeshua-os kernel: [    4.513525] ACPI: Added _OSI(Linux-Dell-Video)
Oct  2 23:45:12 yeshua-os kernel: [    4.513833] ACPI: Added _OSI(Linux-Lenovo-NV-HDMI-Audio)
Oct  2 23:45:12 yeshua-os kernel: [    4.514161] ACPI: Added _OSI(Linux-HPI-Hybrid-Graphics)
Oct  2 23:45:12 yeshua-os kernel: [    4.515255] ACPI: 1 ACPI AML tables successfully acquired and loaded
Oct  2 23:45:12 yeshua-os kernel: [    4.516549] ACPI: Interpreter enabled
Oct  2 23:45:12 yeshua-os kernel: [    4.516857] ACPI: PM: (supports S0 S3 S4 S5)
Oct  2 23:45:12 yeshua-os kernel: [    4.517187] ACPI: Using IOAPIC for interrupt routing
Oct  2 23:45:12 yeshua-os kernel: [    4.517508] PCI: Using host bridge windows from ACPI; if necessary, use "pci=nocrs" and report a bug
Oct  2 23:45:12 yeshua-os kernel: [    4.518155] ACPI: Enabled 2 GPEs in block 00 to 0F
Oct  2 23:45:12 yeshua-os kernel: [    4.523352] ACPI: PCI Root Bridge [PCI0] (domain 0000 [bus 00-ff])
Oct  2 23:45:12 yeshua-os kernel: [    4.523716] acpi PNP0A03:00: _OSC: OS supports [ExtendedConfig ASPM ClockPM Segments MSI HPX-Type3]
Oct  2 23:45:12 yeshua-os kernel: [    4.524230] PCI host bridge to bus 0000:00
Oct  2 23:45:12 yeshua-os kernel: [    4.524535] pci_bus 0000:00: root bus resource [io  0x0000-0x0cf7 window]
Oct  2 23:45:12 yeshua-os kernel: [    4.524892] pci_bus 0000:00: root bus resource [io  0x0d00-0xffff window]
Oct  2 23:45:12 yeshua-os kernel: [    4.525185] pci_bus 0000:00: root bus resource [mem 0x000a0000-0x000bffff window]
Oct  2 23:45:12 yeshua-os kernel: [    4.525652] pci_bus 0000:00: root bus resource [mem 0xc0000000-0xfebfffff window]
Oct  2 23:45:12 yeshua-os kernel: [    4.526099] pci_bus 0000:00: root bus resource [mem 0x18c0000000-0x193fffffff window]
Oct  2 23:45:12 yeshua-os kernel: [    4.526185] pci_bus 0000:00: root bus resource [bus 00-ff]
